75.97.9.59 - - [01/Jul/2020:08:05:19 +0000] "GET /presentations/logstash-scale11x/images/nagios-sms6.png HTTP/1.1" 304 - "http://semicomplete.com/presentations/logstash-scale11x/" "Mozilla/5.0 (Windows NT 6.1; WOW64) AppleWebKit/537.36 (KHTML, like Gecko) Chrome/32.0.1700.107 Safari/537.36"
75.97.9.59 - - [01/Jul/2020:08:05:45 +0000] "GET /presentations/logstash-scale11x/images/xkcd-perl.png HTTP/1.1" 304 - "http://semicomplete.com/presentations/logstash-scale11x/" "Mozilla/5.0 (Windows NT 6.1; WOW64) AppleWebKit/537.36 (KHTML, like Gecko) Chrome/32.0.1700.107 Safari/537.36"
75.97.9.59 - - [01/Jul/2020:08:05:49 +0000] "GET /presentations/logstash-scale11x/images/ahhh___rage_face_by_samusmmx-d5g5zap.png HTTP/1.1" 304 - "http://semicomplete.com/presentations/logstash-scale11x/" "Mozilla/5.0 (Windows NT 6.1; WOW64) AppleWebKit/537.36 (KHTML, like Gecko) Chrome/32.0.1700.107 Safari/537.36"
75.97.9.59 - - [01/Jul/2020:08:05:34 +0000] "GET /presentations/logstash-scale11x/images/frontend-response-codes.png HTTP/1.1" 304 - "http://semicomplete.com/presentations/logstash-scale11x/" "Mozilla/5.0 (Windows NT 6.1; WOW64) AppleWebKit/537.36 (KHTML, like Gecko) Chrome/32.0.1700.107 Safari/537.36"
75.97.9.59 - - [01/Jul/2020:08:05:10 +0000] "GET /presentations/logstash-scale11x/css/print/paper.css HTTP/1.1" 304 - "http://semicomplete.com/presentations/logstash-scale11x/" "Mozilla/5.0 (Windows NT 6.1; WOW64) AppleWebKit/537.36 (KHTML, like Gecko) Chrome/32.0.1700.107 Safari/537.36"
50.16.19.13 - - [01/Jul/2020:08:05:55 +0000] "GET /blog/tags/puppet?flav=rss20 HTTP/1.1" 200 14872 "http://www.semicomplete.com/blog/tags/puppet?flav=rss20" "Tiny Tiny RSS/1.11 (http://tt-rss.org/)"
46.105.14.53 - - [01/Jul/2020:08:05:49 +0000] "GET /blog/tags/puppet?flav=rss20 HTTP/1.1" 200 14872 "-" "UniversalFeedParser/4.2-pre-314-svn +http://feedparser.org/"
75.97.9.59 - - [01/Jul/2020:08:05:00 +0000] "GET /presentations/logstash-scale11x/ HTTP/1.1" 304 - "https://www.google.com/" "Mozilla/5.0 (Windows NT 6.1; WOW64) AppleWebKit/537.36 (KHTML, like Gecko) Chrome/32.0.1700.107 Safari/537.36"
75.97.9.59 - - [01/Jul/2020:08:05:12 +0000] "GET /presentations/logstash-scale11x/css/reveal.min.css HTTP/1.1" 304 - "http://semicomplete.com/presentations/logstash-scale11x/" "Mozilla/5.0 (Windows NT 6.1; WOW64) AppleWebKit/537.36 (KHTML, like Gecko) Chrome/32.0.1700.107 Safari/537.36"
75.97.9.59 - - [01/Jul/2020:08:05:40 +0000] "GET /presentations/logstash-scale11x/css/theme/night-jls.css HTTP/1.1" 304 - "http://semicomplete.com/presentations/logstash-scale11x/" "Mozilla/5.0 (Windows NT 6.1; WOW64) AppleWebKit/537.36 (KHTML, like Gecko) Chrome/32.0.1700.107 Safari/537.36"
75.97.9.59 - - [01/Jul/2020:08:05:23 +0000] "GET /presentations/logstash-scale11x/lib/css/zenburn.css HTTP/1.1" 304 - "http://semicomplete.com/presentations/logstash-scale11x/" "Mozilla/5.0 (Windows NT 6.1; WOW64) AppleWebKit/537.36 (KHTML, like Gecko) Chrome/32.0.1700.107 Safari/537.36"
75.97.9.59 - - [01/Jul/2020:08:05:22 +0000] "GET /presentations/logstash-scale11x/css/extra.css HTTP/1.1" 304 - "http://semicomplete.com/presentations/logstash-scale11x/" "Mozilla/5.0 (Windows NT 6.1; WOW64) AppleWebKit/537.36 (KHTML, like Gecko) Chrome/32.0.1700.107 Safari/537.36"
75.97.9.59 - - [01/Jul/2020:08:05:08 +0000] "GET /presentations/logstash-scale11x/images/logstash.png HTTP/1.1" 304 - "http://semicomplete.com/presentations/logstash-scale11x/" "Mozilla/5.0 (Windows NT 6.1; WOW64) AppleWebKit/537.36 (KHTML, like Gecko) Chrome/32.0.1700.107 Safari/537.36"
75.97.9.59 - - [01/Jul/2020:08:05:00 +0000] "GET /presentations/logstash-scale11x/css/fonts/OpenSans.css HTTP/1.1" 304 - "http://semicomplete.com/presentations/logstash-scale11x/" "Mozilla/5.0 (Windows NT 6.1; WOW64) AppleWebKit/537.36 (KHTML, like Gecko) Chrome/32.0.1700.107 Safari/537.36"
75.97.9.59 - - [01/Jul/2020:08:05:36 +0000] "GET /presentations/logstash-scale11x/css/fonts/Roboto.css HTTP/1.1" 304 - "http://semicomplete.com/presentations/logstash-scale11x/" "Mozilla/5.0 (Windows NT 6.1; WOW64) AppleWebKit/537.36 (KHTML, like Gecko) Chrome/32.0.1700.107 Safari/537.36"
75.97.9.59 - - [01/Jul/2020:08:05:08 +0000] "GET /presentations/logstash-scale11x/lib/js/head.min.js HTTP/1.1" 304 - "http://semicomplete.com/presentations/logstash-scale11x/" "Mozilla/5.0 (Windows NT 6.1; WOW64) AppleWebKit/537.36 (KHTML, like Gecko) Chrome/32.0.1700.107 Safari/537.36"
75.97.9.59 - - [01/Jul/2020:08:05:50 +0000] "GET /presentations/logstash-scale11x/js/reveal.min.js HTTP/1.1" 304 - "http://semicomplete.com/presentations/logstash-scale11x/" "Mozilla/5.0 (Windows NT 6.1; WOW64) AppleWebKit/537.36 (KHTML, like Gecko) Chrome/32.0.1700.107 Safari/537.36"
75.97.9.59 - - [01/Jul/2020:08:05:10 +0000] "GET /presentations/logstash-scale11x/images/jordan.jpg HTTP/1.1" 304 - "http://semicomplete.com/presentations/logstash-scale11x/" "Mozilla/5.0 (Windows NT 6.1; WOW64) AppleWebKit/537.36 (KHTML, like Gecko) Chrome/32.0.1700.107 Safari/537.36"
75.97.9.59 - - [01/Jul/2020:08:05:50 +0000] "GET /presentations/logstash-scale11x/css/fonts/xjAJXh38I15wypJXxuGMBp0EAVxt0G0biEntp43Qt6E.ttf HTTP/1.1" 304 - "http://semicomplete.com/presentations/logstash-scale11x/" "Mozilla/5.0 (Windows NT 6.1; WOW64) AppleWebKit/537.36 (KHTML, like Gecko) Chrome/32.0.1700.107 Safari/537.36"
75.97.9.59 - - [01/Jul/2020:08:05:27 +0000] "GET /presentations/logstash-scale11x/css/fonts/cJZKeOuBrn4kERxqtaUH3aCWcynf_cDxXwCLxiixG1c.ttf HTTP/1.1" 304 - "http://semicomplete.com/presentations/logstash-scale11x/" "Mozilla/5.0 (Windows NT 6.1; WOW64) AppleWebKit/537.36 (KHTML, like Gecko) Chrome/32.0.1700.107 Safari/537.36"
75.97.9.59 - - [01/Jul/2020:08:05:56 +0000] "GET /presentations/logstash-scale11x/plugin/markdown/showdown.js HTTP/1.1" 304 - "http://semicomplete.com/presentations/logstash-scale11x/" "Mozilla/5.0 (Windows NT 6.1; WOW64) AppleWebKit/537.36 (KHTML, like Gecko) Chrome/32.0.1700.107 Safari/537.36"
75.97.9.59 - - [01/Jul/2020:08:05:46 +0000] "GET /presentations/logstash-scale11x/plugin/markdown/markdown.js HTTP/1.1" 304 - "http://semicomplete.com/presentations/logstash-scale11x/" "Mozilla/5.0 (Windows NT 6.1; WOW64) AppleWebKit/537.36 (KHTML, like Gecko) Chrome/32.0.1700.107 Safari/537.36"
75.97.9.59 - - [01/Jul/2020:08:05:35 +0000] "GET /presentations/logstash-scale11x/images/alarm-clock.jpg HTTP/1.1" 304 - "http://semicomplete.com/presentations/logstash-scale11x/" "Mozilla/5.0 (Windows NT 6.1; WOW64) AppleWebKit/537.36 (KHTML, like Gecko) Chrome/32.0.1700.107 Safari/537.36"
75.97.9.59 - - [01/Jul/2020:09:05:22 +0000] "GET /presentations/logstash-scale11x/images/nagios-sms1.png HTTP/1.1" 304 - "http://semicomplete.com/presentations/logstash-scale11x/" "Mozilla/5.0 (Windows NT 6.1; WOW64) AppleWebKit/537.36 (KHTML, like Gecko) Chrome/32.0.1700.107 Safari/537.36"
75.97.9.59 - - [01/Jul/2020:09:05:19 +0000] "GET /presentations/logstash-scale11x/plugin/highlight/highlight.js HTTP/1.1" 304 - "http://semicomplete.com/presentations/logstash-scale11x/" "Mozilla/5.0 (Windows NT 6.1; WOW64) AppleWebKit/537.36 (KHTML, like Gecko) Chrome/32.0.1700.107 Safari/537.36"
75.97.9.59 - - [01/Jul/2020:09:05:16 +0000] "GET /presentations/logstash-scale11x/plugin/zoom-js/zoom.js HTTP/1.1" 304 - "http://semicomplete.com/presentations/logstash-scale11x/" "Mozilla/5.0 (Windows NT 6.1; WOW64) AppleWebKit/537.36 (KHTML, like Gecko) Chrome/32.0.1700.107 Safari/537.36"
75.97.9.59 - - [01/Jul/2020:09:05:53 +0000] "GET /presentations/logstash-scale11x/plugin/notes/notes.js HTTP/1.1" 304 - "http://semicomplete.com/presentations/logstash-scale11x/" "Mozilla/5.0 (Windows NT 6.1; WOW64) AppleWebKit/537.36 (KHTML, like Gecko) Chrome/32.0.1700.107 Safari/537.36"
75.97.9.59 - - [01/Jul/2020:09:05:23 +0000] "GET /presentations/logstash-scale11x/images/nagios-sms2.png HTTP/1.1" 304 - "http://semicomplete.com/presentations/logstash-scale11x/" "Mozilla/5.0 (Windows NT 6.1; WOW64) AppleWebKit/537.36 (KHTML, like Gecko) Chrome/32.0.1700.107 Safari/537.36"
75.97.9.59 - - [01/Jul/2020:09:05:17 +0000] "GET /presentations/logstash-scale11x/images/nagios-sms3.png HTTP/1.1" 304 - "http://semicomplete.com/presentations/logstash-scale11x/" "Mozilla/5.0 (Windows NT 6.1; WOW64) AppleWebKit/537.36 (KHTML, like Gecko) Chrome/32.0.1700.107 Safari/537.36"
75.97.9.59 - - [01/Jul/2020:09:05:41 +0000] "GET /presentations/logstash-scale11x/css/fonts/Roboto-Bold.ttf HTTP/1.1" 304 - "http://semicomplete.com/presentations/logstash-scale11x/" "Mozilla/5.0 (Windows NT 6.1; WOW64) AppleWebKit/537.36 (KHTML, like Gecko) Chrome/32.0.1700.107 Safari/537.36"
75.97.9.59 - - [01/Jul/2020:09:05:10 +0000] "GET /presentations/logstash-scale11x/css/fonts/Roboto-Regular.ttf HTTP/1.1" 304 - "http://semicomplete.com/presentations/logstash-scale11x/" "Mozilla/5.0 (Windows NT 6.1; WOW64) AppleWebKit/537.36 (KHTML, like Gecko) Chrome/32.0.1700.107 Safari/537.36"
75.97.9.59 - - [01/Jul/2020:09:05:52 +0000] "GET /presentations/logstash-scale11x/images/nagios-sms4.png HTTP/1.1" 304 - "http://semicomplete.com/presentations/logstash-scale11x/" "Mozilla/5.0 (Windows NT 6.1; WOW64) AppleWebKit/537.36 (KHTML, like Gecko) Chrome/32.0.1700.107 Safari/537.36"
75.97.9.59 - - [01/Jul/2020:09:05:36 +0000] "GET /presentations/logstash-scale11x/images/nagios-sms5.png HTTP/1.1" 304 - "http://semicomplete.com/presentations/logstash-scale11x/" "Mozilla/5.0 (Windows NT 6.1; WOW64) AppleWebKit/537.36 (KHTML, like Gecko) Chrome/32.0.1700.107 Safari/537.36"
75.97.9.59 - - [01/Jul/2020:09:05:26 +0000] "GET /presentations/logstash-scale11x/images/ahhh___rage_face_by_samusmmx-d5g5zap.png HTTP/1.1" 304 - "http://semicomplete.com/presentations/logstash-scale11x/" "Mozilla/5.0 (Windows NT 6.1; WOW64) AppleWebKit/537.36 (KHTML, like Gecko) Chrome/32.0.1700.107 Safari/537.36"
75.97.9.59 - - [01/Jul/2020:09:05:42 +0000] "GET /presentations/logstash-scale11x/images/nagios-sms6.png HTTP/1.1" 304 - "http://semicomplete.com/presentations/logstash-scale11x/" "Mozilla/5.0 (Windows NT 6.1; WOW64) AppleWebKit/537.36 (KHTML, like Gecko) Chrome/32.0.1700.107 Safari/537.36"
75.97.9.59 - - [01/Jul/2020:09:05:22 +0000] "GET /presentations/logstash-scale11x/images/xkcd-perl.png HTTP/1.1" 304 - "http://semicomplete.com/presentations/logstash-scale11x/" "Mozilla/5.0 (Windows NT 6.1; WOW64) AppleWebKit/537.36 (KHTML, like Gecko) Chrome/32.0.1700.107 Safari/537.36"
75.97.9.59 - - [01/Jul/2020:09:05:07 +0000] "GET /presentations/logstash-scale11x/images/frontend-response-codes.png HTTP/1.1" 304 - "http://semicomplete.com/presentations/logstash-scale11x/" "Mozilla/5.0 (Windows NT 6.1; WOW64) AppleWebKit/537.36 (KHTML, like Gecko) Chrome/32.0.1700.107 Safari/537.36"
75.97.9.59 - - [01/Jul/2020:09:05:00 +0000] "GET /presentations/logstash-scale11x/images/sad-medic.png HTTP/1.1" 304 - "http://semicomplete.com/presentations/logstash-scale11x/" "Mozilla/5.0 (Windows NT 6.1; WOW64) AppleWebKit/537.36 (KHTML, like Gecko) Chrome/32.0.1700.107 Safari/537.36"
75.97.9.59 - - [01/Jul/2020:09:05:37 +0000] "GET /presentations/logstash-scale11x/images/xkcd-perlswing-many.png HTTP/1.1" 304 - "http://semicomplete.com/presentations/logstash-scale11x/" "Mozilla/5.0 (Windows NT 6.1; WOW64) AppleWebKit/537.36 (KHTML, like Gecko) Chrome/32.0.1700.107 Safari/537.36"
75.97.9.59 - - [01/Jul/2020:09:05:08 +0000] "GET /presentations/logstash-scale11x/images/computer-keyboard-jacket.jpg HTTP/1.1" 304 - "http://semicomplete.com/presentations/logstash-scale11x/" "Mozilla/5.0 (Windows NT 6.1; WOW64) AppleWebKit/537.36 (KHTML, like Gecko) Chrome/32.0.1700.107 Safari/537.36"
75.97.9.59 - - [01/Jul/2020:09:05:32 +0000] "GET /presentations/logstash-scale11x/images/Dreamhost_logo.svg HTTP/1.1" 304 - "http://semicomplete.com/presentations/logstash-scale11x/" "Mozilla/5.0 (Windows NT 6.1; WOW64) AppleWebKit/537.36 (KHTML, like Gecko) Chrome/32.0.1700.107 Safari/537.36"
75.97.9.59 - - [01/Jul/2020:09:05:44 +0000] "GET /presentations/logstash-scale11x/images/logstash-dreamhost-day.png HTTP/1.1" 304 - "http://semicomplete.com/presentations/logstash-scale11x/" "Mozilla/5.0 (Windows NT 6.1; WOW64) AppleWebKit/537.36 (KHTML, like Gecko) Chrome/32.0.1700.107 Safari/537.36"
75.97.9.59 - - [01/Jul/2020:09:05:52 +0000] "GET /presentations/logstash-scale11x/images/simple-inputs.jpg HTTP/1.1" 304 - "http://semicomplete.com/presentations/logstash-scale11x/" "Mozilla/5.0 (Windows NT 6.1; WOW64) AppleWebKit/537.36 (KHTML, like Gecko) Chrome/32.0.1700.107 Safari/537.36"
75.97.9.59 - - [01/Jul/2020:09:05:19 +0000] "GET /presentations/logstash-scale11x/images/simple-inputs-filters.jpg HTTP/1.1" 304 - "http://semicomplete.com/presentations/logstash-scale11x/" "Mozilla/5.0 (Windows NT 6.1; WOW64) AppleWebKit/537.36 (KHTML, like Gecko) Chrome/32.0.1700.107 Safari/537.36"
75.97.9.59 - - [01/Jul/2020:09:05:36 +0000] "GET /presentations/logstash-scale11x/images/kibana-search.png HTTP/1.1" 304 - "http://semicomplete.com/presentations/logstash-scale11x/" "Mozilla/5.0 (Windows NT 6.1; WOW64) AppleWebKit/537.36 (KHTML, like Gecko) Chrome/32.0.1700.107 Safari/537.36"
75.97.9.59 - - [01/Jul/2020:09:05:05 +0000] "GET /presentations/logstash-scale11x/images/kibana-dashboard3.png HTTP/1.1" 304 - "http://semicomplete.com/presentations/logstash-scale11x/" "Mozilla/5.0 (Windows NT 6.1; WOW64) AppleWebKit/537.36 (KHTML, like Gecko) Chrome/32.0.1700.107 Safari/537.36"
75.97.9.59 - - [01/Jul/2020:09:05:30 +0000] "GET /presentations/logstash-scale11x/images/kibana-dashboard2.png HTTP/1.1" 304 - "http://semicomplete.com/presentations/logstash-scale11x/" "Mozilla/5.0 (Windows NT 6.1; WOW64) AppleWebKit/537.36 (KHTML, like Gecko) Chrome/32.0.1700.107 Safari/537.36"
75.97.9.59 - - [01/Jul/2020:09:05:32 +0000] "GET /presentations/logstash-scale11x/images/kibana-dashboard.png HTTP/1.1" 304 - "http://semicomplete.com/presentations/logstash-scale11x/" "Mozilla/5.0 (Windows NT 6.1; WOW64) AppleWebKit/537.36 (KHTML, like Gecko) Chrome/32.0.1700.107 Safari/537.36"
75.97.9.59 - - [01/Jul/2020:09:05:54 +0000] "GET /presentations/logstash-scale11x/images/simple-inputs-filters-outputs.jpg HTTP/1.1" 304 - "http://semicomplete.com/presentations/logstash-scale11x/" "Mozilla/5.0 (Windows NT 6.1; WOW64) AppleWebKit/537.36 (KHTML, like Gecko) Chrome/32.0.1700.107 Safari/537.36"
75.97.9.59 - - [01/Jul/2020:09:05:09 +0000] "GET /presentations/logstash-scale11x/images/tiered-outputs-to-inputs.jpg HTTP/1.1" 304 - "http://semicomplete.com/presentations/logstash-scale11x/" "Mozilla/5.0 (Windows NT 6.1; WOW64) AppleWebKit/537.36 (KHTML, like Gecko) Chrome/32.0.1700.107 Safari/537.36"
75.97.9.59 - - [01/Jul/2020:09:05:28 +0000] "GET /presentations/logstash-scale11x/images/tiered-outputs-to-inputs-redis.jpg HTTP/1.1" 304 - "http://semicomplete.com/presentations/logstash-scale11x/" "Mozilla/5.0 (Windows NT 6.1; WOW64) AppleWebKit/537.36 (KHTML, like Gecko) Chrome/32.0.1700.107 Safari/537.36"
75.97.9.59 - - [01/Jul/2020:09:05:13 +0000] "GET /presentations/logstash-scale11x/images/tiered-redis-input.jpg HTTP/1.1" 304 - "http://semicomplete.com/presentations/logstash-scale11x/" "Mozilla/5.0 (Windows NT 6.1; WOW64) AppleWebKit/537.36 (KHTML, like Gecko) Chrome/32.0.1700.107 Safari/537.36"
75.97.9.59 - - [01/Jul/2020:09:05:29 +0000] "GET /presentations/logstash-scale11x/images/tiered-redis-output.jpg HTTP/1.1" 304 - "http://semicomplete.com/presentations/logstash-scale11x/" "Mozilla/5.0 (Windows NT 6.1; WOW64) AppleWebKit/537.36 (KHTML, like Gecko) Chrome/32.0.1700.107 Safari/537.36"
75.97.9.59 - - [01/Jul/2020:09:05:30 +0000] "GET /presentations/logstash-scale11x/images/tiered-redis-input-complete.jpg HTTP/1.1" 304 - "http://semicomplete.com/presentations/logstash-scale11x/" "Mozilla/5.0 (Windows NT 6.1; WOW64) AppleWebKit/537.36 (KHTML, like Gecko) Chrome/32.0.1700.107 Safari/537.36"
75.97.9.59 - - [01/Jul/2020:09:05:34 +0000] "GET /presentations/logstash-scale11x/images/logstashbook.png HTTP/1.1" 304 - "http://semicomplete.com/presentations/logstash-scale11x/" "Mozilla/5.0 (Windows NT 6.1; WOW64) AppleWebKit/537.36 (KHTML, like Gecko) Chrome/32.0.1700.107 Safari/537.36"
75.97.9.59 - - [01/Jul/2020:09:05:25 +0000] "GET /presentations/logstash-scale11x/css/print/paper.css HTTP/1.1" 304 - "http://semicomplete.com/presentations/logstash-scale11x/" "Mozilla/5.0 (Windows NT 6.1; WOW64) AppleWebKit/537.36 (KHTML, like Gecko) Chrome/32.0.1700.107 Safari/537.36"
66.249.73.135 - - [01/Jul/2020:09:05:18 +0000] "GET /blog/tags/shell?page=1 HTTP/1.1" 200 32907 "-" "Mozilla/5.0 (compatible; Googlebot/2.1; +http://www.google.com/bot.html)"
75.97.9.59 - - [01/Jul/2020:09:05:34 +0000] "GET /presentations/logstash-scale11x/ HTTP/1.1" 304 - "https://www.google.com/" "Mozilla/5.0 (Windows NT 6.1; WOW64) AppleWebKit/537.36 (KHTML, like Gecko) Chrome/32.0.1700.107 Safari/537.36"
75.97.9.59 - - [01/Jul/2020:09:05:53 +0000] "GET /presentations/logstash-scale11x/css/reveal.min.css HTTP/1.1" 304 - "http://semicomplete.com/presentations/logstash-scale11x/" "Mozilla/5.0 (Windows NT 6.1; WOW64) AppleWebKit/537.36 (KHTML, like Gecko) Chrome/32.0.1700.107 Safari/537.36"
75.97.9.59 - - [01/Jul/2020:09:05:55 +0000] "GET /presentations/logstash-scale11x/css/theme/night-jls.css HTTP/1.1" 304 - "http://semicomplete.com/presentations/logstash-scale11x/" "Mozilla/5.0 (Windows NT 6.1; WOW64) AppleWebKit/537.36 (KHTML, like Gecko) Chrome/32.0.1700.107 Safari/537.36"
75.97.9.59 - - [01/Jul/2020:09:05:31 +0000] "GET /presentations/logstash-scale11x/lib/css/zenburn.css HTTP/1.1" 304 - "http://semicomplete.com/presentations/logstash-scale11x/" "Mozilla/5.0 (Windows NT 6.1; WOW64) AppleWebKit/537.36 (KHTML, like Gecko) Chrome/32.0.1700.107 Safari/537.36"
95.97.244.106 - - [01/Jul/2020:12:05:44 +0000] "GET /style2.css HTTP/1.1" 200 4877 "http://www.semicomplete.com/blog/tags/deb" "Mozilla/5.0 (Macintosh; Intel Mac OS X 10_9_1) AppleWebKit/537.73.11 (KHTML, like Gecko) Version/7.0.1 Safari/537.73.11"
95.97.244.106 - - [01/Jul/2020:12:05:43 +0000] "GET /images/web/2009/banner.png HTTP/1.1" 200 52315 "http://www.semicomplete.com/blog/tags/deb" "Mozilla/5.0 (Macintosh; Intel Mac OS X 10_9_1) AppleWebKit/537.73.11 (KHTML, like Gecko) Version/7.0.1 Safari/537.73.11"
95.97.244.106 - - [01/Jul/2020:12:05:02 +0000] "GET /favicon.ico HTTP/1.1" 200 3638 "http://www.semicomplete.com/blog/tags/deb" "Mozilla/5.0 (Macintosh; Intel Mac OS X 10_9_1) AppleWebKit/537.73.11 (KHTML, like Gecko) Version/7.0.1 Safari/537.73.11"
212.159.68.200 - - [01/Jul/2020:12:05:41 +0000] "GET /articles/ssh-security/ HTTP/1.1" 200 16543 "https://www.google.co.uk/" "Mozilla/5.0 (Windows NT 6.3; WOW64) AppleWebKit/537.36 (KHTML, like Gecko) Chrome/32.0.1700.107 Safari/537.36"
212.159.68.200 - - [01/Jul/2020:12:05:03 +0000] "GET /reset.css HTTP/1.1" 200 1015 "http://www.semicomplete.com/articles/ssh-security/" "Mozilla/5.0 (Windows NT 6.3; WOW64) AppleWebKit/537.36 (KHTML, like Gecko) Chrome/32.0.1700.107 Safari/537.36"
212.159.68.200 - - [01/Jul/2020:12:05:16 +0000] "GET /style2.css HTTP/1.1" 200 4877 "http://www.semicomplete.com/articles/ssh-security/" "Mozilla/5.0 (Windows NT 6.3; WOW64) AppleWebKit/537.36 (KHTML, like Gecko) Chrome/32.0.1700.107 Safari/537.36"
212.159.68.200 - - [01/Jul/2020:12:05:32 +0000] "GET /images/jordan-80.png HTTP/1.1" 200 6146 "http://www.semicomplete.com/articles/ssh-security/" "Mozilla/5.0 (Windows NT 6.3; WOW64) AppleWebKit/537.36 (KHTML, like Gecko) Chrome/32.0.1700.107 Safari/537.36"
212.159.68.200 - - [01/Jul/2020:12:05:06 +0000] "GET /images/web/2009/banner.png HTTP/1.1" 200 52315 "http://www.semicomplete.com/articles/ssh-security/" "Mozilla/5.0 (Windows NT 6.3; WOW64) AppleWebKit/537.36 (KHTML, like Gecko) Chrome/32.0.1700.107 Safari/537.36"
212.159.68.200 - - [01/Jul/2020:12:05:41 +0000] "GET /favicon.ico HTTP/1.1" 200 3638 "-" "Mozilla/5.0 (Windows NT 6.3; WOW64) AppleWebKit/537.36 (KHTML, like Gecko) Chrome/32.0.1700.107 Safari/537.36"
68.180.224.225 - - [01/Jul/2020:12:05:51 +0000] "GET /blog/tags/regular%20expressions HTTP/1.1" 200 11671 "-" "Mozilla/5.0 (compatible; Yahoo! Slurp; http://help.yahoo.com/help/us/ysearch/slurp)"
46.105.14.53 - - [01/Jul/2020:12:05:29 +0000] "GET /blog/tags/puppet?flav=rss20 HTTP/1.1" 200 14872 "-" "UniversalFeedParser/4.2-pre-314-svn +http://feedparser.org/"
208.91.156.11 - - [01/Jul/2020:12:05:13 +0000] "GET /files/logstash/logstash-1.3.2-monolithic.jar HTTP/1.1" 404 324 "-" "Chef Client/10.18.2 (ruby-1.9.3-p327; ohai-6.16.0; x86_64-linux; +http://opscode.com)"
66.249.73.185 - - [01/Jul/2020:12:05:16 +0000] "GET /presentations/logstash-puppetconf-2012/images/nagios-sms2.png HTTP/1.1" 304 - "-" "Googlebot-Image/1.0"
66.249.73.135 - - [01/Jul/2020:12:05:22 +0000] "GET /blog/tags/os HTTP/1.1" 200 9667 "-" "Mozilla/5.0 (iPhone; CPU iPhone OS 6_0 like Mac OS X) AppleWebKit/536.26 (KHTML, like Gecko) Version/6.0 Mobile/10A5376e Safari/8536.25 (compatible; Googlebot/2.1; +http://www.google.com/bot.html)"
74.125.176.144 - - [01/Jul/2020:12:05:09 +0000] "GET /?flav=rss20 HTTP/1.1" 200 29941 "-" "FeedBurner/1.0 (http://www.FeedBurner.com)"
199.168.96.66 - - [01/Jul/2020:12:05:47 +0000] "GET / HTTP/1.0" 200 37932 "-" "-"
199.168.96.66 - - [01/Jul/2020:12:05:49 +0000] "GET /wp-login.php HTTP/1.0" 404 292 "-" "-"
199.168.96.66 - - [01/Jul/2020:12:05:01 +0000] "GET /administrator/index.php HTTP/1.0" 404 303 "-" "-"
199.168.96.66 - - [01/Jul/2020:12:05:28 +0000] "GET /reset.css HTTP/1.0" 200 1015 "-" "-"
199.168.96.66 - - [01/Jul/2020:12:05:04 +0000] "GET /style2.css HTTP/1.0" 200 4877 "-" "-"
199.168.96.66 - - [01/Jul/2020:12:05:31 +0000] "GET /favicon.ico HTTP/1.0" 200 3638 "-" "-"
199.168.96.66 - - [01/Jul/2020:12:05:10 +0000] "GET /?page=2 HTTP/1.0" 200 36673 "-" "-"
199.168.96.66 - - [01/Jul/2020:12:05:32 +0000] "GET /about/ HTTP/1.0" 200 11474 "-" "-"
199.168.96.66 - - [01/Jul/2020:12:05:07 +0000] "GET /resume.xml HTTP/1.0" 200 25606 "-" "-"
199.168.96.66 - - [01/Jul/2020:12:05:17 +0000] "GET /articles HTTP/1.0" 301 323 "-" "-"
199.168.96.66 - - [01/Jul/2020:12:05:19 +0000] "GET /articles/arp-security/ HTTP/1.0" 200 19735 "-" "-"
199.168.96.66 - - [01/Jul/2020:12:05:06 +0000] "GET /articles/dynamic-dns-with-dhcp/ HTTP/1.0" 200 18848 "-" "-"
199.168.96.66 - - [01/Jul/2020:12:05:42 +0000] "GET /articles/openldap-with-saslauthd/ HTTP/1.0" 200 12700 "-" "-"
199.168.96.66 - - [01/Jul/2020:12:05:13 +0000] "GET /articles/ppp-over-ssh/ HTTP/1.0" 200 18586 "-" "-"
199.168.96.66 - - [01/Jul/2020:12:05:16 +0000] "GET /articles/ssh-security/ HTTP/1.0" 200 16543 "-" "-"
199.168.96.66 - - [01/Jul/2020:12:05:12 +0000] "GET /articles/week-of-unix-tools/ HTTP/1.0" 200 9313 "-" "-"
199.168.96.66 - - [01/Jul/2020:12:05:23 +0000] "GET /articles/efficiency/ HTTP/1.0" 200 36398 "-" "-"
199.168.96.66 - - [01/Jul/2020:12:05:34 +0000] "GET /projects HTTP/1.0" 301 323 "-" "-"
199.168.96.66 - - [01/Jul/2020:12:05:35 +0000] "GET /projects/grok HTTP/1.0" 301 337 "-" "-"
199.168.96.66 - - [01/Jul/2020:12:05:47 +0000] "GET /projects/keynav HTTP/1.0" 301 330 "-" "-"
199.168.96.66 - - [01/Jul/2020:12:05:29 +0000] "GET /projects/liboverride HTTP/1.0" 301 335 "-" "-"
199.168.96.66 - - [01/Jul/2020:12:05:28 +0000] "GET /projects/fex HTTP/1.0" 301 327 "-" "-"
199.168.96.66 - - [01/Jul/2020:12:05:54 +0000] "GET /projects/xdotool HTTP/1.0" 301 331 "-" "-"
199.168.96.66 - - [01/Jul/2020:12:05:25 +0000] "GET /projects/pam_captcha HTTP/1.0" 301 335 "-" "-"
199.168.96.66 - - [01/Jul/2020:12:05:22 +0000] "GET /projects/firefox-tabsearch HTTP/1.0" 301 341 "-" "-"
199.168.96.66 - - [01/Jul/2020:12:05:58 +0000] "GET /projects/firefox-urledit HTTP/1.0" 301 339 "-" "-"
199.168.96.66 - - [01/Jul/2020:12:05:43 +0000] "GET /projects/newpsm HTTP/1.0" 301 330 "-" "-"
199.168.96.66 - - [01/Jul/2020:12:05:12 +0000] "GET /projects/nis2ldap HTTP/1.0" 301 332 "-" "-"
199.168.96.66 - - [01/Jul/2020:12:05:27 +0000] "GET /projects/pmbackup HTTP/1.0" 301 332 "-" "-"
199.168.96.66 - - [01/Jul/2020:12:05:16 +0000] "GET /projects/solaudio HTTP/1.0" 301 332 "-" "-"
199.168.96.66 - - [01/Jul/2020:12:05:10 +0000] "GET /projects/xboxproxy HTTP/1.0" 301 333 "-" "-"
199.168.96.66 - - [01/Jul/2020:12:05:50 +0000] "GET /projects/xmlpresenter HTTP/1.0" 301 336 "-" "-"
199.168.96.66 - - [01/Jul/2020:12:05:38 +0000] "GET /projects/xpathtool HTTP/1.0" 301 333 "-" "-"
199.168.96.66 - - [01/Jul/2020:12:05:20 +0000] "GET /scripts HTTP/1.0" 301 322 "-" "-"
199.168.96.66 - - [01/Jul/2020:12:05:30 +0000] "GET /presentations/hackday06 HTTP/1.0" 301 338 "-" "-"
199.168.96.66 - - [01/Jul/2020:12:05:42 +0000] "GET /presentations/hackday08 HTTP/1.0" 301 338 "-" "-"
199.168.96.66 - - [01/Jul/2020:12:05:28 +0000] "GET /presentations/security HTTP/1.0" 301 337 "-" "-"
199.168.96.66 - - [01/Jul/2020:12:05:20 +0000] "GET /presentations/semantic-blogging HTTP/1.0" 301 346 "-" "-"
199.168.96.66 - - [01/Jul/2020:12:05:13 +0000] "GET /presentations/unix-basics HTTP/1.0" 301 340 "-" "-"
199.168.96.66 - - [01/Jul/2020:12:05:03 +0000] "GET /presentations/vim HTTP/1.0" 301 332 "-" "-"
66.249.73.135 - - [01/Jul/2020:12:05:27 +0000] "GET /?flav=atom HTTP/1.1" 200 32352 "-" "Mozilla/5.0 (compatible; Googlebot/2.1; +http://www.google.com/bot.html)"
72.215.249.101 - - [01/Jul/2020:12:05:50 +0000] "GET /articles/dynamic-dns-with-dhcp/ HTTP/1.1" 200 18848 "http://www.google.com/url?sa=t&rct=j&q=&esrc=s&source=web&cd=4&ved=0CEcQFjAD&url=http%3A%2F%2Fwww.semicomplete.com%2Farticles%2Fdynamic-dns-with-dhcp%2F&ei=4mMBU6GHIKWYyAGS4IHwBQ&usg=AFQjCNEF1X4Rs52UYQyLiySTQxa97ozM4g&sig2=VtW4cHWqMhkNyWIj57HblA&bvm=bv.61535280,d.aWc&cad=rja" "Mozilla/5.0 (Windows NT 6.1; WOW64; rv:27.0) Gecko/20100101 Firefox/27.0"
72.215.249.101 - - [01/Jul/2020:12:05:01 +0000] "GET /reset.css HTTP/1.1" 200 1015 "http://www.semicomplete.com/articles/dynamic-dns-with-dhcp/" "Mozilla/5.0 (Windows NT 6.1; WOW64; rv:27.0) Gecko/20100101 Firefox/27.0"
72.215.249.101 - - [01/Jul/2020:12:05:55 +0000] "GET /style2.css HTTP/1.1" 200 4877 "http://www.semicomplete.com/articles/dynamic-dns-with-dhcp/" "Mozilla/5.0 (Windows NT 6.1; WOW64; rv:27.0) Gecko/20100101 Firefox/27.0"
72.215.249.101 - - [01/Jul/2020:12:05:25 +0000] "GET /favicon.ico HTTP/1.1" 200 3638 "-" "Mozilla/5.0 (Windows NT 6.1; WOW64; rv:27.0) Gecko/20100101 Firefox/27.0"
72.215.249.101 - - [01/Jul/2020:12:05:37 +0000] "GET /images/jordan-80.png HTTP/1.1" 200 6146 "http://www.semicomplete.com/articles/dynamic-dns-with-dhcp/" "Mozilla/5.0 (Windows NT 6.1; WOW64; rv:27.0) Gecko/20100101 Firefox/27.0"
72.215.249.101 - - [01/Jul/2020:12:05:19 +0000] "GET /images/web/2009/banner.png HTTP/1.1" 200 52315 "http://www.semicomplete.com/style2.css" "Mozilla/5.0 (Windows NT 6.1; WOW64; rv:27.0) Gecko/20100101 Firefox/27.0"
66.249.73.135 - - [01/Jul/2020:12:05:36 +0000] "GET / HTTP/1.1" 200 37932 "-" "Mozilla/5.0 (compatible; Googlebot/2.1; +http://www.google.com/bot.html)"
208.115.113.88 - - [01/Jul/2020:12:05:46 +0000] "GET /blog/geekery/defcon-15-pre.html HTTP/1.1" 200 8217 "-" "Mozilla/5.0 (compatible; Ezooms/1.0; help@moz.com)"
208.115.113.88 - - [01/Jul/2020:12:05:56 +0000] "GET /blog/geekery/make-vim-hlsearch-like-less.html HTTP/1.1" 200 8157 "-" "Mozilla/5.0 (compatible; Ezooms/1.0; help@moz.com)"
208.115.113.88 - - [01/Jul/2020:12:05:44 +0000] "GET /blog/geekery/search-query-parsing-in-javascript.html?commentlimit=0 HTTP/1.1" 200 10201 "-" "Mozilla/5.0 (compatible; Ezooms/1.0; help@moz.com)"
208.115.113.88 - - [01/Jul/2020:12:05:41 +0000] "GET /blog/projects/filebrowse/ HTTP/1.1" 200 8793 "-" "Mozilla/5.0 (compatible; Ezooms/1.0; help@moz.com)"
208.115.113.88 - - [01/Jul/2020:12:05:50 +0000] "GET /blog/rants/blogging-code-of-conduct.html HTTP/1.1" 200 11981 "-" "Mozilla/5.0 (compatible; Ezooms/1.0; help@moz.com)"
208.115.113.88 - - [01/Jul/2020:12:05:17 +0000] "GET /blog/tags/antispam HTTP/1.1" 200 9094 "-" "Mozilla/5.0 (compatible; Ezooms/1.0; help@moz.com)"
157.55.33.114 - - [01/Jul/2020:12:05:27 +0000] "GET /images/web/2009/banner.png HTTP/1.1" 200 52315 "-" "Mozilla/5.0 (compatible; bingbot/2.0; +http://www.bing.com/bingbot.htm)"
208.115.113.88 - - [01/Jul/2020:12:05:08 +0000] "GET /blog/tags/s5 HTTP/1.1" 200 9082 "-" "Mozilla/5.0 (compatible; Ezooms/1.0; help@moz.com)"
208.115.113.88 - - [01/Jul/2020:12:05:19 +0000] "GET /blog?page=19 HTTP/1.1" 200 36817 "-" "Mozilla/5.0 (compatible; Ezooms/1.0; help@moz.com)"
208.115.113.88 - - [01/Jul/2020:12:05:11 +0000] "GET /blog/tags/site?page=1 HTTP/1.1" 200 28160 "-" "Mozilla/5.0 (compatible; Ezooms/1.0; help@moz.com)"
208.115.113.88 - - [01/Jul/2020:12:05:26 +0000] "GET /files/firefox-tabsearch/?C=N;O=D HTTP/1.1" 200 1869 "-" "Mozilla/5.0 (compatible; Ezooms/1.0; help@moz.com)"
208.115.113.88 - - [01/Jul/2020:12:05:34 +0000] "GET /files/xdotool/docs/latex/ HTTP/1.1" 200 4179 "-" "Mozilla/5.0 (compatible; Ezooms/1.0; help@moz.com)"
208.115.113.88 - - [01/Jul/2020:13:05:15 +0000] "GET /scripts/googlevpn HTTP/1.1" 200 841 "-" "Mozilla/5.0 (compatible; Ezooms/1.0; help@moz.com)"
208.115.113.88 - - [01/Jul/2020:13:05:01 +0000] "GET /geekery/find-that-lost-screen-session.html HTTP/1.1" 404 326 "-" "Mozilla/5.0 (compatible; Ezooms/1.0; help@moz.com)"
208.115.113.88 - - [01/Jul/2020:13:05:37 +0000] "GET /articles/ppp-over-ssh HTTP/1.1" 301 336 "-" "Mozilla/5.0 (compatible; Ezooms/1.0; help@moz.com)"
208.115.113.88 - - [01/Jul/2020:13:05:15 +0000] "GET /blog/geekery/find-that-lost-screen-session.html HTTP/1.1" 200 11214 "-" "Mozilla/5.0 (compatible; Ezooms/1.0; help@moz.com)"
189.11.65.66 - - [20/May/2015:13:05:19 +0000] "GET /images/web/2009/banner.png HTTP/1.1" 200 52315 "http://www.semicomplete.com/style2.css" "Mozilla/5.0 (X11; Ubuntu; Linux x86_64; rv:27.0) Gecko/20100101 Firefox/27.0"
80.160.68.134 - - [20/May/2015:13:05:27 +0000] "GET /projects/xdotool/ HTTP/1.1" 200 12292 "http://www.google.dk/url?sa=t&rct=j&q=&esrc=s&source=web&cd=1&ved=0CCsQFjAA&url=http%3A%2F%2Fwww.semicomplete.com%2Fprojects%2Fxdotool%2F&ei=ZkwCU7aBAeqn4gSnwYCIDg&usg=AFQjCNE3V_aCf3-gfNcbS924S6jZ6FqffA&bvm=bv.61535280,d.bGE" "Mozilla/5.0 (Macintosh; Intel Mac OS X 10.8; rv:27.0) Gecko/20100101 Firefox/27.0"
66.249.73.135 - - [20/May/2015:13:05:04 +0000] "GET /blog/geekery/index?page=42 HTTP/1.1" 200 20521 "-" "Mozilla/5.0 (iPhone; CPU iPhone OS 6_0 like Mac OS X) AppleWebKit/536.26 (KHTML, like Gecko) Version/6.0 Mobile/10A5376e Safari/8536.25 (compatible; Googlebot/2.1; +http://www.google.com/bot.html)"
188.192.27.241 - - [20/May/2015:13:05:02 +0000] "GET /projects/xdotool/xdotool.xhtml HTTP/1.1" 200 50112 "http://www.semicomplete.com/projects/xdotool/" "Mozilla/5.0 (X11; Linux x86_64) AppleWebKit/537.36 (KHTML, like Gecko) Chrome/32.0.1700.107 Safari/537.36"
208.115.111.72 - - [20/May/2015:13:05:18 +0000] "GET /blog/geekery/freebsd-ports-master-sites-sorting.html HTTP/1.1" 200 9528 "-" "Mozilla/5.0 (compatible; Ezooms/1.0; help@moz.com)"
157.55.33.15 - - [20/May/2015:13:05:32 +0000] "GET /scripts/python/wrap/wrapexample.py HTTP/1.1" 200 394 "-" "Mozilla/5.0 (compatible; bingbot/2.0; +http://www.bing.com/bingbot.htm)"
184.151.222.45 - - [20/May/2015:13:05:57 +0000] "GET /images/googledotcom.png HTTP/1.1" 200 65748 "-" "Mozilla/5.0 (Linux; U; Android 4.1.2; en-ca; SGH-I747M Build/JZO54K) AppleWebKit/534.30 (KHTML, like Gecko) Version/4.0 Mobile Safari/534.30"
46.105.14.53 - - [20/May/2015:13:05:28 +0000] "GET /blog/tags/puppet?flav=rss20 HTTP/1.1" 200 14872 "-" "UniversalFeedParser/4.2-pre-314-svn +http://feedparser.org/"
66.249.73.135 - - [20/May/2015:13:05:19 +0000] "GET /blog/geekery/barcamp-block-2.html HTTP/1.1" 200 8605 "-" "Mozilla/5.0 (compatible; Googlebot/2.1; +http://www.google.com/bot.html)"
173.213.99.1 - - [20/May/2015:13:05:47 +0000] "GET / HTTP/1.0" 200 37932 "http://www.semicomplete.com/" "Mozilla/5.0 (Macintosh; Intel Mac OS X 10.7; rv:22.0) Gecko/20100101 Firefox/22.0"
173.213.99.1 - - [20/May/2015:13:05:42 +0000] "GET /blog/geekery/installing-windows-8-consumer-preview.html HTTP/1.0" 200 8948 "http://www.semicomplete.com/" "Mozilla/5.0 (Macintosh; Intel Mac OS X 10.7; rv:22.0) Gecko/20100101 Firefox/22.0"
180.76.5.22 - - [20/May/2015:13:05:58 +0000] "GET /robots.txt HTTP/1.1" 200 - "-" "Mozilla/5.0 (Windows NT 5.1; rv:6.0.2) Gecko/20100101 Firefox/6.0.2"
208.91.156.11 - - [20/May/2015:13:05:55 +0000] "GET /files/logstash/logstash-1.3.2-monolithic.jar HTTP/1.1" 404 324 "-" "Chef Client/10.18.2 (ruby-1.9.3-p327; ohai-6.16.0; x86_64-linux; +http://opscode.com)"
50.16.19.13 - - [20/May/2015:13:05:51 +0000] "GET /blog/tags/puppet?flav=rss20 HTTP/1.1" 200 14872 "http://www.semicomplete.com/blog/tags/puppet?flav=rss20" "Tiny Tiny RSS/1.11 (http://tt-rss.org/)"
198.27.64.9 - - [20/May/2015:13:05:48 +0000] "GET /misc/sample.log HTTP/1.1" 200 54306753 "http://www.semicomplete.com/" "Mozilla/5.0 (Macintosh; Intel Mac OS X 10.7; rv:22.0) Gecko/20100101 Firefox/22.0"
187.45.193.158 - - [20/May/2015:13:05:36 +0000] "GET /presentations/logstash-monitorama-2013/images/tiered-outputs-to-inputs.jpg HTTP/1.1" 200 1079983 "-" "Mozilla/4.0 (compatible; MSIE 6.0; Windows NT 5.2; SV1; .NET CLR 2.0.50727; InfoPath.1)"
68.180.224.225 - - [20/May/2015:13:05:34 +0000] "GET /blog/geekery/yahoo-hackday-06-part2.html HTTP/1.1" 200 9139 "-" "Mozilla/5.0 (compatible; Yahoo! Slurp; http://help.yahoo.com/help/us/ysearch/slurp)"
198.27.64.9 - - [20/May/2015:13:05:16 +0000] "GET /blog/geekery/mounting-partitions-within-a-disk-image-in-linux.html HTTP/1.1" 200 9699 "http://www.semicomplete.com/" "Mozilla/5.0 (Macintosh; Intel Mac OS X 10.7; rv:22.0) Gecko/20100101 Firefox/22.0"
128.118.108.67 - - [20/May/2015:13:05:01 +0000] "GET /favicon.ico HTTP/1.0" 200 3638 "-" "Safari/9537.73.11 CFNetwork/673.0.3 Darwin/13.0.0 (x86_64) (MacBookPro8%2C1)"
128.179.155.97 - - [20/May/2015:13:05:41 +0000] "GET /blog/geekery/headless-wrapper-for-ephemeral-xservers.html HTTP/1.1" 200 11902 "http://www.semicomplete.com/blog/geekery/xvfb-firefox.html" "Mozilla/5.0 (Macintosh; Intel Mac OS X 10.9; rv:28.0) Gecko/20100101 Firefox/28.0"
66.249.73.135 - - [20/May/2015:13:05:18 +0000] "GET /blog/geekery/libevent-and-process-output.html HTTP/1.1" 200 8425 "-" "Mozilla/5.0 (iPhone; CPU iPhone OS 6_0 like Mac OS X) AppleWebKit/536.26 (KHTML, like Gecko) Version/6.0 Mobile/10A5376e Safari/8536.25 (compatible; Googlebot/2.1; +http://www.google.com/bot.html)"
68.14.231.140 - - [20/May/2015:13:05:50 +0000] "GET /presentations/logstash-scale11x/images/logstash.png HTTP/1.1" 200 47731 "http://kufli.blogspot.com/2013/07/log-analysis-using-logstash.html" "Mozilla/5.0 (Windows NT 6.2; WOW64) AppleWebKit/537.36 (KHTML, like Gecko) Chrome/32.0.1700.107 Safari/537.36"
128.179.155.97 - - [20/May/2015:13:05:07 +0000] "GET /blog/geekery/xvfb-firefox.html HTTP/1.1" 200 10975 "http://www.semicomplete.com/blog/geekery/headless-wrapper-for-ephemeral-xservers.html" "Mozilla/5.0 (Macintosh; Intel Mac OS X 10.9; rv:28.0) Gecko/20100101 Firefox/28.0"
216.172.140.128 - - [20/May/2015:13:05:19 +0000] "GET /presentations/logstash-intro/ HTTP/1.0" 200 53238 "http://semicomplete.com/" "Mozilla/5.0 (Macintosh; Intel Mac OS X 10.7; rv:22.0) Gecko/20100101 Firefox/22.0"
216.172.140.128 - - [20/May/2015:13:05:08 +0000] "GET /presentations/logstash-intro/ HTTP/1.0" 200 53238 "http://semicomplete.com/" "Mozilla/5.0 (Macintosh; Intel Mac OS X 10.7; rv:22.0) Gecko/20100101 Firefox/22.0"
80.108.184.97 - - [20/May/2015:13:05:54 +0000] "GET /presentations/logstash-puppetconf-2012/images/logstash.png HTTP/1.1" 200 47731 "-" "Mozilla/5.0 (Windows NT 6.2; WOW64) AppleWebKit/537.36 (KHTML, like Gecko) Chrome/32.0.1700.107 Safari/537.36"
80.108.184.97 - - [20/May/2015:13:05:10 +0000] "GET /presentations/logstash-scale11x/images/simple-inputs-filters-outputs.jpg HTTP/1.1" 200 1168622 "-" "Mozilla/5.0 (Windows NT 6.2; WOW64) AppleWebKit/537.36 (KHTML, like Gecko) Chrome/32.0.1700.107 Safari/537.36"
46.105.14.53 - - [20/May/2015:13:05:50 +0000] "GET /blog/tags/puppet?flav=rss20 HTTP/1.1" 200 14872 "-" "UniversalFeedParser/4.2-pre-314-svn +http://feedparser.org/"
107.170.9.55 - - [20/May/2015:13:05:59 +0000] "GET /?flav=atom HTTP/1.1" 200 32352 "-" "Feedbin - 1 subscribers"
179.179.206.176 - - [20/May/2015:13:05:43 +0000] "GET /blog/tags/gzip HTTP/1.1" 200 10544 "https://www.google.com.br/" "Mozilla/5.0 (X11; Linux i686) AppleWebKit/537.36 (KHTML, like Gecko) Ubuntu Chromium/32.0.1700.102 Chrome/32.0.1700.102 Safari/537.36"
179.179.206.176 - - [20/May/2015:13:05:29 +0000] "GET /reset.css HTTP/1.1" 200 1015 "http://www.semicomplete.com/blog/tags/gzip" "Mozilla/5.0 (X11; Linux i686) AppleWebKit/537.36 (KHTML, like Gecko) Ubuntu Chromium/32.0.1700.102 Chrome/32.0.1700.102 Safari/537.36"
66.249.73.135 - - [20/May/2015:14:05:43 +0000] "GET /blog/geekery/screen-solaris-terminfo.html HTTP/1.1" 200 9239 "-" "Mozilla/5.0 (iPhone; CPU iPhone OS 6_0 like Mac OS X) AppleWebKit/536.26 (KHTML, like Gecko) Version/6.0 Mobile/10A5376e Safari/8536.25 (compatible; Googlebot/2.1; +http://www.google.com/bot.html)"
46.105.14.53 - - [20/May/2015:14:05:08 +0000] "GET /blog/tags/puppet?flav=rss20 HTTP/1.1" 200 14872 "-" "UniversalFeedParser/4.2-pre-314-svn +http://feedparser.org/"
68.180.224.225 - - [20/May/2015:14:05:19 +0000] "GET /blog/rants/blogging-code-of-conduct.html HTTP/1.1" 200 11981 "-" "Mozilla/5.0 (compatible; Yahoo! Slurp; http://help.yahoo.com/help/us/ysearch/slurp)"
66.249.73.135 - - [20/May/2015:14:05:04 +0000] "GET /blog/tags/antispam HTTP/1.1" 200 9094 "-" "Mozilla/5.0 (compatible; Googlebot/2.1; +http://www.google.com/bot.html)"
208.91.156.11 - - [20/May/2015:14:05:19 +0000] "GET /files/logstash/logstash-1.3.2-monolithic.jar HTTP/1.1" 404 324 "-" "Chef Client/10.18.2 (ruby-1.9.3-p327; ohai-6.16.0; x86_64-linux; +http://opscode.com)"
46.189.128.1 - - [01/Jul/2020:21:05:19 +0000] "GET /presentations/logstash-Eureka-2012/images/office-space-printer-beat-down-gif.gif HTTP/1.1" 404 364 "http://semicomplete.com/presentations/logstash-puppetconf-2012/" "Mozilla/5.0 (X11; Linux x86_64; rv:27.0) Gecko/20100101 Firefox/27.0"
46.189.254.255 - - [01/Jul/2020:21:05:01 +0000] "GET /presentations/logstash-puppetconf-2012/images/nagios-sms5.Eureka HTTP/1.1" 200 78075 "http://semicomplete.com/presentations/logstash-puppetconf-2012/" "Mozilla/5.0 (X11; Linux x86_64; rv:27.0) Gecko/20100101 Firefox/27.0"

