83.149.9.216 - - [01/Jul/2020:10:05:03 +0000] "GET /presentations/logstash-monitorama-2013/images/kibana-search.png HTTP/1.1" 200 203023 "http://semicomplete.com/presentations/logstash-monitorama-2013/" "Mozilla/5.0 (Macintosh; Intel Mac OS X 10_9_1) AppleWebKit/537.36 (KHTML, like Gecko) Chrome/32.0.1700.77 Safari/537.36"
83.149.9.216 - - [01/Jul/2020:10:05:43 +0000] "GET /presentations/logstash-monitorama-2013/images/kibana-dashboard3.png HTTP/1.1" 200 171717 "http://semicomplete.com/presentations/logstash-monitorama-2013/" "Mozilla/5.0 (Macintosh; Intel Mac OS X 10_9_1) AppleWebKit/537.36 (KHTML, like Gecko) Chrome/32.0.1700.77 Safari/537.36"
83.149.9.216 - - [01/Jul/2020:10:05:47 +0000] "GET /presentations/logstash-monitorama-2013/plugin/highlight/highlight.js HTTP/1.1" 200 26185 "http://semicomplete.com/presentations/logstash-monitorama-2013/" "Mozilla/5.0 (Macintosh; Intel Mac OS X 10_9_1) AppleWebKit/537.36 (KHTML, like Gecko) Chrome/32.0.1700.77 Safari/537.36"
83.149.9.216 - - [01/Jul/2020:10:05:12 +0000] "GET /presentations/logstash-monitorama-2013/plugin/zoom-js/zoom.js HTTP/1.1" 200 7697 "http://semicomplete.com/presentations/logstash-monitorama-2013/" "Mozilla/5.0 (Macintosh; Intel Mac OS X 10_9_1) AppleWebKit/537.36 (KHTML, like Gecko) Chrome/32.0.1700.77 Safari/537.36"
83.149.9.216 - - [01/Jul/2020:10:05:07 +0000] "GET /presentations/logstash-monitorama-2013/plugin/notes/notes.js HTTP/1.1" 200 2892 "http://semicomplete.com/presentations/logstash-monitorama-2013/" "Mozilla/5.0 (Macintosh; Intel Mac OS X 10_9_1) AppleWebKit/537.36 (KHTML, like Gecko) Chrome/32.0.1700.77 Safari/537.36"
83.149.9.216 - - [01/Jul/2020:10:05:34 +0000] "GET /presentations/logstash-monitorama-2013/images/sad-medic.png HTTP/1.1" 200 430406 "http://semicomplete.com/presentations/logstash-monitorama-2013/" "Mozilla/5.0 (Macintosh; Intel Mac OS X 10_9_1) AppleWebKit/537.36 (KHTML, like Gecko) Chrome/32.0.1700.77 Safari/537.36"
83.149.9.216 - - [01/Jul/2020:10:05:57 +0000] "GET /presentations/logstash-monitorama-2013/css/fonts/Roboto-Bold.ttf HTTP/1.1" 200 38720 "http://semicomplete.com/presentations/logstash-monitorama-2013/" "Mozilla/5.0 (Macintosh; Intel Mac OS X 10_9_1) AppleWebKit/537.36 (KHTML, like Gecko) Chrome/32.0.1700.77 Safari/537.36"
83.149.9.216 - - [01/Jul/2020:10:05:50 +0000] "GET /presentations/logstash-monitorama-2013/css/fonts/Roboto-Regular.ttf HTTP/1.1" 200 41820 "http://semicomplete.com/presentations/logstash-monitorama-2013/" "Mozilla/5.0 (Macintosh; Intel Mac OS X 10_9_1) AppleWebKit/537.36 (KHTML, like Gecko) Chrome/32.0.1700.77 Safari/537.36"
83.149.9.216 - - [01/Jul/2020:10:05:24 +0000] "GET /presentations/logstash-monitorama-2013/images/frontend-response-codes.png HTTP/1.1" 200 52878 "http://semicomplete.com/presentations/logstash-monitorama-2013/" "Mozilla/5.0 (Macintosh; Intel Mac OS X 10_9_1) AppleWebKit/537.36 (KHTML, like Gecko) Chrome/32.0.1700.77 Safari/537.36"
83.149.9.216 - - [01/Jul/2020:10:05:50 +0000] "GET /presentations/logstash-monitorama-2013/images/kibana-dashboard.png HTTP/1.1" 200 321631 "http://semicomplete.com/presentations/logstash-monitorama-2013/" "Mozilla/5.0 (Macintosh; Intel Mac OS X 10_9_1) AppleWebKit/537.36 (KHTML, like Gecko) Chrome/32.0.1700.77 Safari/537.36"
83.149.9.216 - - [01/Jul/2020:10:05:46 +0000] "GET /presentations/logstash-monitorama-2013/images/Dreamhost_logo.svg HTTP/1.1" 200 2126 "http://semicomplete.com/presentations/logstash-monitorama-2013/" "Mozilla/5.0 (Macintosh; Intel Mac OS X 10_9_1) AppleWebKit/537.36 (KHTML, like Gecko) Chrome/32.0.1700.77 Safari/537.36"
83.149.9.216 - - [01/Jul/2020:10:05:11 +0000] "GET /presentations/logstash-monitorama-2013/images/kibana-dashboard2.png HTTP/1.1" 200 394967 "http://semicomplete.com/presentations/logstash-monitorama-2013/" "Mozilla/5.0 (Macintosh; Intel Mac OS X 10_9_1) AppleWebKit/537.36 (KHTML, like Gecko) Chrome/32.0.1700.77 Safari/537.36"
83.149.9.216 - - [01/Jul/2020:10:05:19 +0000] "GET /presentations/logstash-monitorama-2013/images/apache-icon.gif HTTP/1.1" 200 8095 "http://semicomplete.com/presentations/logstash-monitorama-2013/" "Mozilla/5.0 (Macintosh; Intel Mac OS X 10_9_1) AppleWebKit/537.36 (KHTML, like Gecko) Chrome/32.0.1700.77 Safari/537.36"
83.149.9.216 - - [01/Jul/2020:10:05:33 +0000] "GET /presentations/logstash-monitorama-2013/images/nagios-sms5.png HTTP/1.1" 200 78075 "http://semicomplete.com/presentations/logstash-monitorama-2013/" "Mozilla/5.0 (Macintosh; Intel Mac OS X 10_9_1) AppleWebKit/537.36 (KHTML, like Gecko) Chrome/32.0.1700.77 Safari/537.36"
83.149.9.216 - - [01/Jul/2020:10:05:00 +0000] "GET /presentations/logstash-monitorama-2013/images/redis.png HTTP/1.1" 200 25230 "http://semicomplete.com/presentations/logstash-monitorama-2013/" "Mozilla/5.0 (Macintosh; Intel Mac OS X 10_9_1) AppleWebKit/537.36 (KHTML, like Gecko) Chrome/32.0.1700.77 Safari/537.36"
83.149.9.216 - - [01/Jul/2020:10:05:25 +0000] "GET /presentations/logstash-monitorama-2013/images/elasticsearch.png HTTP/1.1" 200 8026 "http://semicomplete.com/presentations/logstash-monitorama-2013/" "Mozilla/5.0 (Macintosh; Intel Mac OS X 10_9_1) AppleWebKit/537.36 (KHTML, like Gecko) Chrome/32.0.1700.77 Safari/537.36"
83.149.9.216 - - [01/Jul/2020:10:05:59 +0000] "GET /presentations/logstash-monitorama-2013/images/logstashbook.png HTTP/1.1" 200 54662 "http://semicomplete.com/presentations/logstash-monitorama-2013/" "Mozilla/5.0 (Macintosh; Intel Mac OS X 10_9_1) AppleWebKit/537.36 (KHTML, like Gecko) Chrome/32.0.1700.77 Safari/537.36"
83.149.9.216 - - [01/Jul/2020:10:05:30 +0000] "GET /presentations/logstash-monitorama-2013/images/github-contributions.png HTTP/1.1" 200 34245 "http://semicomplete.com/presentations/logstash-monitorama-2013/" "Mozilla/5.0 (Macintosh; Intel Mac OS X 10_9_1) AppleWebKit/537.36 (KHTML, like Gecko) Chrome/32.0.1700.77 Safari/537.36"
83.149.9.216 - - [01/Jul/2020:10:05:53 +0000] "GET /presentations/logstash-monitorama-2013/css/print/paper.css HTTP/1.1" 200 4254 "http://semicomplete.com/presentations/logstash-monitorama-2013/" "Mozilla/5.0 (Macintosh; Intel Mac OS X 10_9_1) AppleWebKit/537.36 (KHTML, like Gecko) Chrome/32.0.1700.77 Safari/537.36"
83.149.9.216 - - [01/Jul/2020:10:05:24 +0000] "GET /presentations/logstash-monitorama-2013/images/1983_delorean_dmc-12-pic-38289.jpeg HTTP/1.1" 200 220562 "http://semicomplete.com/presentations/logstash-monitorama-2013/" "Mozilla/5.0 (Macintosh; Intel Mac OS X 10_9_1) AppleWebKit/537.36 (KHTML, like Gecko) Chrome/32.0.1700.77 Safari/537.36"
83.149.9.216 - - [01/Jul/2020:10:05:54 +0000] "GET /presentations/logstash-monitorama-2013/images/simple-inputs-filters-outputs.jpg HTTP/1.1" 200 1168622 "http://semicomplete.com/presentations/logstash-monitorama-2013/" "Mozilla/5.0 (Macintosh; Intel Mac OS X 10_9_1) AppleWebKit/537.36 (KHTML, like Gecko) Chrome/32.0.1700.77 Safari/537.36"
83.149.9.216 - - [01/Jul/2020:10:05:33 +0000] "GET /presentations/logstash-monitorama-2013/images/tiered-outputs-to-inputs.jpg HTTP/1.1" 200 1079983 "http://semicomplete.com/presentations/logstash-monitorama-2013/" "Mozilla/5.0 (Macintosh; Intel Mac OS X 10_9_1) AppleWebKit/537.36 (KHTML, like Gecko) Chrome/32.0.1700.77 Safari/537.36"
83.149.9.216 - - [01/Jul/2020:10:05:56 +0000] "GET /favicon.ico HTTP/1.1" 200 3638 "-" "Mozilla/5.0 (Macintosh; Intel Mac OS X 10_9_1) AppleWebKit/537.36 (KHTML, like Gecko) Chrome/32.0.1700.77 Safari/537.36"
24.236.252.67 - - [01/Jul/2020:10:05:40 +0000] "GET /favicon.ico HTTP/1.1" 200 3638 "-" "Mozilla/5.0 (X11; Ubuntu; Linux x86_64; rv:26.0) Gecko/20100101 Firefox/26.0"
93.114.45.13 - - [01/Jul/2020:10:05:14 +0000] "GET /articles/dynamic-dns-with-dhcp/ HTTP/1.1" 200 18848 "http://www.google.ro/url?sa=t&rct=j&q=&esrc=s&source=web&cd=2&ved=0CCwQFjAB&url=http%3A%2F%2Fwww.semicomplete.com%2Farticles%2Fdynamic-dns-with-dhcp%2F&ei=W88AU4n9HOq60QXbv4GwBg&usg=AFQjCNEF1X4Rs52UYQyLiySTQxa97ozM4g&bvm=bv.61535280,d.d2k" "Mozilla/5.0 (X11; Linux x86_64; rv:25.0) Gecko/20100101 Firefox/25.0"
93.114.45.13 - - [01/Jul/2020:10:05:04 +0000] "GET /reset.css HTTP/1.1" 200 1015 "http://www.semicomplete.com/articles/dynamic-dns-with-dhcp/" "Mozilla/5.0 (X11; Linux x86_64; rv:25.0) Gecko/20100101 Firefox/25.0"
93.114.45.13 - - [01/Jul/2020:10:05:45 +0000] "GET /style2.css HTTP/1.1" 200 4877 "http://www.semicomplete.com/articles/dynamic-dns-with-dhcp/" "Mozilla/5.0 (X11; Linux x86_64; rv:25.0) Gecko/20100101 Firefox/25.0"
93.114.45.13 - - [01/Jul/2020:10:05:14 +0000] "GET /favicon.ico HTTP/1.1" 200 3638 "-" "Mozilla/5.0 (X11; Linux x86_64; rv:25.0) Gecko/20100101 Firefox/25.0"
93.114.45.13 - - [01/Jul/2020:10:05:17 +0000] "GET /images/jordan-80.png HTTP/1.1" 200 6146 "http://www.semicomplete.com/articles/dynamic-dns-with-dhcp/" "Mozilla/5.0 (X11; Linux x86_64; rv:25.0) Gecko/20100101 Firefox/25.0"
93.114.45.13 - - [01/Jul/2020:10:05:21 +0000] "GET /images/web/2009/banner.png HTTP/1.1" 200 52315 "http://www.semicomplete.com/style2.css" "Mozilla/5.0 (X11; Linux x86_64; rv:25.0) Gecko/20100101 Firefox/25.0"
66.249.73.135 - - [01/Jul/2020:10:05:40 +0000] "GET /blog/tags/ipv6 HTTP/1.1" 200 12251 "-" "Mozilla/5.0 (iPhone; CPU iPhone OS 6_0 like Mac OS X) AppleWebKit/536.26 (KHTML, like Gecko) Version/6.0 Mobile/10A5376e Safari/8536.25 (compatible; Googlebot/2.1; +http://www.google.com/bot.html)"
50.16.19.13 - - [01/Jul/2020:10:05:10 +0000] "GET /blog/tags/puppet?flav=rss20 HTTP/1.1" 200 14872 "http://www.semicomplete.com/blog/tags/puppet?flav=rss20" "Tiny Tiny RSS/1.11 (http://tt-rss.org/)"
66.249.73.185 - - [01/Jul/2020:10:05:37 +0000] "GET / HTTP/1.1" 200 37932 "-" "Mozilla/5.0 (compatible; Googlebot/2.1; +http://www.google.com/bot.html)"
110.136.166.128 - - [01/Jul/2020:10:05:35 +0000] "GET /projects/xdotool/ HTTP/1.1" 200 12292 "http://www.google.com/url?sa=t&rct=j&q=&esrc=s&source=web&cd=5&cad=rja&sqi=2&ved=0CFYQFjAE&url=http%3A%2F%2Fwww.semicomplete.com%2Fprojects%2Fxdotool%2F&ei=6cwAU_bRHo6urAeI0YD4Ag&usg=AFQjCNE3V_aCf3-gfNcbS924S6jZ6FqffA&bvm=bv.61535280,d.bmk" "Mozilla/5.0 (Windows NT 6.2; WOW64; rv:28.0) Gecko/20100101 Firefox/28.0"
46.105.14.53 - - [01/Jul/2020:10:05:03 +0000] "GET /blog/tags/puppet?flav=rss20 HTTP/1.1" 200 14872 "-" "UniversalFeedParser/4.2-pre-314-svn +http://feedparser.org/"
110.136.166.128 - - [01/Jul/2020:10:05:06 +0000] "GET /reset.css HTTP/1.1" 200 1015 "http://www.semicomplete.com/projects/xdotool/" "Mozilla/5.0 (Windows NT 6.2; WOW64; rv:28.0) Gecko/20100101 Firefox/28.0"
110.136.166.128 - - [01/Jul/2020:10:05:03 +0000] "GET /style2.css HTTP/1.1" 200 4877 "http://www.semicomplete.com/projects/xdotool/" "Mozilla/5.0 (Windows NT 6.2; WOW64; rv:28.0) Gecko/20100101 Firefox/28.0"
110.136.166.128 - - [01/Jul/2020:10:05:41 +0000] "GET /favicon.ico HTTP/1.1" 200 3638 "-" "Mozilla/5.0 (Windows NT 6.2; WOW64; rv:28.0) Gecko/20100101 Firefox/28.0"
110.136.166.128 - - [01/Jul/2020:10:05:32 +0000] "GET /images/jordan-80.png HTTP/1.1" 200 6146 "http://www.semicomplete.com/projects/xdotool/" "Mozilla/5.0 (Windows NT 6.2; WOW64; rv:28.0) Gecko/20100101 Firefox/28.0"
123.125.71.35 - - [01/Jul/2020:10:05:46 +0000] "GET /blog/tags/release HTTP/1.1" 200 40693 "-" "Mozilla/5.0 (compatible; Baiduspider/2.0; +http://www.baidu.com/search/spider.html)"
110.136.166.128 - - [01/Jul/2020:10:05:08 +0000] "GET /images/web/2009/banner.png HTTP/1.1" 200 52315 "http://www.semicomplete.com/style2.css" "Mozilla/5.0 (Windows NT 6.2; WOW64; rv:28.0) Gecko/20100101 Firefox/28.0"
50.150.204.184 - - [01/Jul/2020:10:05:46 +0000] "GET /images/googledotcom.png HTTP/1.1" 200 65748 "http://www.google.com/search?q=https//:google.com&source=lnms&tbm=isch&sa=X&ei=4-r8UvDrKZOgkQe7x4CICw&ved=0CAkQ_AUoAA&biw=320&bih=441" "Mozilla/5.0 (Linux; U; Android 4.0.4; en-us; LG-MS770 Build/IMM76I) AppleWebKit/534.30 (KHTML, like Gecko) Version/4.0 Mobile Safari/534.30"
207.241.237.225 - - [01/Jul/2020:10:05:58 +0000] "GET /blog/tags/examples HTTP/1.0" 200 9208 "http://www.semicomplete.com/blog/tags/C" "Mozilla/5.0 (compatible; archive.org_bot +http://www.archive.org/details/archive.org_bot)"
200.49.190.101 - - [01/Jul/2020:10:05:36 +0000] "GET /reset.css HTTP/1.1" 200 1015 "-" "-"
200.49.190.100 - - [01/Jul/2020:10:05:38 +0000] "GET /blog/tags/web HTTP/1.1" 200 44019 "-" "QS304 Profile/MIDP-2.0 Configuration/CLDC-1.1"
200.49.190.101 - - [01/Jul/2020:10:05:11 +0000] "GET /style2.css HTTP/1.1" 200 4877 "-" "-"
200.49.190.101 - - [01/Jul/2020:10:05:37 +0000] "GET /images/jordan-80.png HTTP/1.1" 200 6146 "-" "QS304 Profile/MIDP-2.0 Configuration/CLDC-1.1"
66.249.73.185 - - [01/Jul/2020:10:05:00 +0000] "GET /reset.css HTTP/1.1" 200 1015 "-" "Mozilla/5.0 (compatible; Googlebot/2.1; +http://www.google.com/bot.html)"
66.249.73.135 - - [01/Jul/2020:10:05:16 +0000] "GET /blog/tags/munin HTTP/1.1" 200 9746 "-" "Mozilla/5.0 (compatible; Googlebot/2.1; +http://www.google.com/bot.html)"
66.249.73.135 - - [01/Jul/2020:10:05:33 +0000] "GET /blog/tags/firefox?flav=rss20 HTTP/1.1" 200 16021 "-" "Mozilla/5.0 (compatible; Googlebot/2.1; +http://www.google.com/bot.html)"
66.249.73.135 - - [01/Jul/2020:10:05:17 +0000] "GET /blog/geekery/eventdb-ideas.html HTTP/1.1" 200 11418 "-" "Mozilla/5.0 (iPhone; CPU iPhone OS 6_0 like Mac OS X) AppleWebKit/536.26 (KHTML, like Gecko) Version/6.0 Mobile/10A5376e Safari/8536.25 (compatible; Googlebot/2.1; +http://www.google.com/bot.html)"
66.249.73.135 - - [01/Jul/2020:03:05:34 +0000] "GET /misc/Title.php.txt HTTP/1.1" 500 - "-" "Mozilla/5.0 (compatible; Googlebot/2.1; +http://www.google.com/bot.html)"
66.249.73.135 - - [01/Jul/2020:15:05:42 +0000] "GET /misc/Title.php.txt HTTP/1.1" 500 - "-" "Mozilla/5.0 (compatible; Googlebot/2.1; +http://www.google.com/bot.html)"
64.131.102.243 - - [01/Jul/2020:14:05:16 +0000] "OPTIONS /projects/xdotool/ HTTP/1.1" 500 626 "-" "Microsoft Office Protocol Discovery"
66.249.73.135 - - [01/Jul/2020:03:05:30 +0000] "GET /misc/Title.php.txt HTTP/1.1" 500 - "-" "Mozilla/5.0 (compatible; Googlebot/2.1; +http://www.google.com/bot.html)"
66.249.73.135 - - [01/Jul/2020:15:05:40 +0000] "GET /misc/Title.php.txt HTTP/1.1" 500 - "-" "Mozilla/5.0 (compatible; Googlebot/2.1; +http://www.google.com/bot.html)"
64.131.102.243 - - [01/Jul/2020:14:05:10 +0000] "OPTIONS /projects/xdotool/ HTTP/1.1" 500 626 "-" "Microsoft Office Protocol Discovery"
66.249.73.135 - - [02/Jul/2020:04:06:33 +0000] "GET /misc/Title.php.txt HTTP/1.1" 500 - "-" "Mozilla/5.0 (compatible; Googlebot/2.1; +http://www.google.com/bot.html)"
66.249.73.135 - - [02/Jul/2020:05:06:43 +0000] "GET /misc/Title.php.txt HTTP/1.1" 500 - "-" "Mozilla/5.0 (compatible; Googlebot/2.1; +http://www.google.com/bot.html)"
64.131.102.243 - - [02/Jul/2020:06:07:17 +0000] "OPTIONS /projects/xdotool/ HTTP/1.1" 500 626 "-" "Microsoft Office Protocol Discovery"
66.249.73.135 - - [01/Jul/2020:04:05:34 +0000] "GET /misc/Title.php.txt HTTP/1.1" 500 - "-" "Mozilla/5.0 (compatible; Googlebot/2.1; +http://www.google.com/bot.html)"
66.249.73.135 - - [01/Jul/2020:05:05:42 +0000] "GET /misc/Title.php.txt HTTP/1.1" 500 - "-" "Mozilla/5.0 (compatible; Googlebot/2.1; +http://www.google.com/bot.html)"
64.131.102.243 - - [01/Jul/2020:06:05:16 +0000] "OPTIONS /projects/xdotool/ HTTP/1.1" 500 626 "-" "Microsoft Office Protocol Discovery"
66.249.73.135 - - [01/Jul/2020:06:05:31 +0000] "GET /misc/Title.php.txt HTTP/1.1" 500 - "-" "Mozilla/5.0 (compatible; Googlebot/2.1; +http://www.google.com/bot.html)"
66.249.73.135 - - [01/Jul/2020:07:06:41 +0000] "GET /misc/Title.php.txt HTTP/1.1" 500 - "-" "Mozilla/5.0 (compatible; Googlebot/2.1; +http://www.google.com/bot.html)"
64.131.102.243 - - [01/Jul/2020:08:09:11 +0000] "OPTIONS /projects/xdotool/ HTTP/1.1" 500 626 "-" "Microsoft Office Protocol Discovery"
180.76.5.214 - - [01/Jul/2020:04:05:54 +0000] "GET /images/logstash_OSCON.pdf HTTP/1.1" 304 - "-" "Mozilla/5.0 (Windows NT 5.1; rv:6.0.2) Gecko/20100101 Firefox/6.0.2"
180.76.6.53 - - [01/Jul/2020:04:05:33 +0000] "GET /robots.txt HTTP/1.1" 200 - "-" "Mozilla/5.0 (Windows NT 5.1; rv:6.0.2) Gecko/20100101 Firefox/6.0.2"
209.85.238.199 - - [01/Jul/2020:04:05:22 +0000] "GET /test.xml HTTP/1.1" 200 1370 "-" "Feedfetcher-Google; (+http://www.google.com/feedfetcher.html; 1 subscribers; feed-id=11390274670024826467)"
94.228.34.233 - - [01/Jul/2020:04:05:04 +0000] "GET /resume.xml HTTP/1.1" 304 - "-" "magpie-crawler/1.1 (U; Linux amd64; en-GB; +http://www.brandwatch.net)"
66.249.73.185 - - [01/Jul/2020:04:05:56 +0000] "GET /presentations/puppet-presentation/puppet-at-loggly.html HTTP/1.1" 304 - "-" "Mozilla/5.0 (iPhone; CPU iPhone OS 6_0 like Mac OS X) AppleWebKit/536.26 (KHTML, like Gecko) Version/6.0 Mobile/10A5376e Safari/8536.25 (compatible; Googlebot/2.1; +http://www.google.com/bot.html)"
68.180.224.225 - - [01/Jul/2020:04:05:22 +0000] "GET /blog/productivity/pyblosxom-plugins-1.3-out-finally.html HTTP/1.1" 200 8835 "-" "Mozilla/5.0 (compatible; Yahoo! Slurp; http://help.yahoo.com/help/us/ysearch/slurp)"
178.137.95.70 - - [01/Jul/2020:04:05:40 +0000] "GET /blog/geekery/jquery-formfill-v1.html HTTP/1.1" 200 10279 "-" "-"
66.249.73.135 - - [01/Jul/2020:04:05:28 +0000] "GET /blog/geekery/xdotool-2.20100818.html HTTP/1.1" 200 11417 "-" "Mozilla/5.0 (iPhone; CPU iPhone OS 6_0 like Mac OS X) AppleWebKit/536.26 (KHTML, like Gecko) Version/6.0 Mobile/10A5376e Safari/8536.25 (compatible; Googlebot/2.1; +http://www.google.com/bot.html)"
66.249.73.185 - - [01/Jul/2020:04:05:38 +0000] "GET /presentations/logstash-puppetconf-2012/images/apache-negative-duration.png HTTP/1.1" 304 - "-" "Googlebot-Image/1.0"
199.189.248.95 - - [01/Jul/2020:05:05:35 +0000] "GET /wp-admin/ HTTP/1.1" 404 289 "-" "-"
54.242.155.74 - - [01/Jul/2020:05:05:32 +0000] "GET /presentations/ HTTP/1.1" 200 6217 "-" "Mozilla/5.0 (Macintosh; U; Intel Mac OS X 10.6; en-US; rv:1.9.2) Gecko/20100115 Firefox/3.6 (FlipboardProxy/1.1; +http://flipboard.com/browserproxy)"
208.91.156.11 - - [01/Jul/2020:05:05:07 +0000] "GET /files/logstash/logstash-1.3.2-monolithic.jar HTTP/1.1" 404 324 "-" "Chef Client/10.18.2 (ruby-1.9.3-p327; ohai-6.16.0; x86_64-linux; +http://opscode.com)"
85.19.71.167 - - [01/Jul/2020:05:05:16 +0000] "GET /wp/wp-admin/ HTTP/1.1" 404 292 "-" "-"
208.91.156.11 - - [01/Jul/2020:05:05:57 +0000] "GET /files/logstash/logstash-1.3.2-monolithic.jar HTTP/1.1" 404 324 "-" "Chef Client/10.18.2 (ruby-1.9.3-p327; ohai-6.16.0; x86_64-linux; +http://opscode.com)"
101.226.168.198 - - [01/Jul/2020:06:05:26 +0000] "GET /blog/geekery/jquery-interface-/p%20ppuffer.html HTTP/1.1" 404 7861 "http://www.semicomplete.com/blog/geekery/jquery-interface-/p%20ppuffer.html" "Mozilla/4.0 (compatible; MSIE 8.0; Windows NT 6.1; Trident/4.0; SLCC2; .NET CLR 2.0.50727; .NET CLR 3.5.30729; .NET CLR 3.0.30729; Media Center PC 6.0; MDDR; .NET4.0C; .NET4.0E; .NET CLR 1.1.4322; Tablet PC 2.0); 360Spider"
108.174.55.234 - - [01/Jul/2020:19:05:35 +0000] "GET /?flav=rss20 HTTP/1.1" 200 29941 "-" "-"
83.42.229.238 - - [01/Jul/2020:19:05:58 +0000] "GET /images/logstash_OSCON.pdf HTTP/1.1" 200 1693678 "http://www.google.es/url?sa=t&rct=j&q=&esrc=s&source=web&cd=10&ved=0CHMQFjAJ&url=http%3A%2F%2Fsemicomplete.com%2Fimages%2Flogstash_OSCON.pdf&ei=JAoCU8TzBqSY0AWOn4CoAw&usg=AFQjCNF2ikX71TvpVxHLkIi36cWJowYlNA&bvm=bv.61535280,d.d2k" "Mozilla/5.0 (Windows NT 6.2; WOW64; rv:27.0) Gecko/20100101 Firefox/27.0"
83.42.229.238 - - [01/Jul/2020:19:05:04 +0000] "GET /favicon.ico HTTP/1.1" 200 3638 "-" "Mozilla/5.0 (Windows NT 6.2; WOW64; rv:27.0) Gecko/20100101 Firefox/27.0"
83.42.229.238 - - [01/Jul/2020:19:05:07 +0000] "GET /images/logstash_OSCON.pdf HTTP/1.1" 206 65536 "http://www.google.es/url?sa=t&rct=j&q=&esrc=s&source=web&cd=10&ved=0CHMQFjAJ&url=http%3A%2F%2Fsemicomplete.com%2Fimages%2Flogstash_OSCON.pdf&ei=JAoCU8TzBqSY0AWOn4CoAw&usg=AFQjCNF2ikX71TvpVxHLkIi36cWJowYlNA&bvm=bv.61535280,d.d2k" "Mozilla/5.0 (Windows NT 6.2; WOW64; rv:27.0) Gecko/20100101 Firefox/27.0"
83.42.229.238 - - [01/Jul/2020:19:05:34 +0000] "GET /images/logstash_OSCON.pdf HTTP/1.1" 206 55278 "http://www.google.es/url?sa=t&rct=j&q=&esrc=s&source=web&cd=10&ved=0CHMQFjAJ&url=http%3A%2F%2Fsemicomplete.com%2Fimages%2Flogstash_OSCON.pdf&ei=JAoCU8TzBqSY0AWOn4CoAw&usg=AFQjCNF2ikX71TvpVxHLkIi36cWJowYlNA&bvm=bv.61535280,d.d2k" "Mozilla/5.0 (Windows NT 6.2; WOW64; rv:27.0) Gecko/20100101 Firefox/27.0"
83.42.229.238 - - [01/Jul/2020:19:05:23 +0000] "GET /images/logstash_OSCON.pdf HTTP/1.1" 206 65536 "http://www.google.es/url?sa=t&rct=j&q=&esrc=s&source=web&cd=10&ved=0CHMQFjAJ&url=http%3A%2F%2Fsemicomplete.com%2Fimages%2Flogstash_OSCON.pdf&ei=JAoCU8TzBqSY0AWOn4CoAw&usg=AFQjCNF2ikX71TvpVxHLkIi36cWJowYlNA&bvm=bv.61535280,d.d2k" "Mozilla/5.0 (Windows NT 6.2; WOW64; rv:27.0) Gecko/20100101 Firefox/27.0"
83.42.229.238 - - [01/Jul/2020:19:05:36 +0000] "GET /images/logstash_OSCON.pdf HTTP/1.1" 206 65536 "http://www.google.es/url?sa=t&rct=j&q=&esrc=s&source=web&cd=10&ved=0CHMQFjAJ&url=http%3A%2F%2Fsemicomplete.com%2Fimages%2Flogstash_OSCON.pdf&ei=JAoCU8TzBqSY0AWOn4CoAw&usg=AFQjCNF2ikX71TvpVxHLkIi36cWJowYlNA&bvm=bv.61535280,d.d2k" "Mozilla/5.0 (Windows NT 6.2; WOW64; rv:27.0) Gecko/20100101 Firefox/27.0"
83.42.229.238 - - [01/Jul/2020:19:05:54 +0000] "GET /images/logstash_OSCON.pdf HTTP/1.1" 206 65536 "http://www.google.es/url?sa=t&rct=j&q=&esrc=s&source=web&cd=10&ved=0CHMQFjAJ&url=http%3A%2F%2Fsemicomplete.com%2Fimages%2Flogstash_OSCON.pdf&ei=JAoCU8TzBqSY0AWOn4CoAw&usg=AFQjCNF2ikX71TvpVxHLkIi36cWJowYlNA&bvm=bv.61535280,d.d2k" "Mozilla/5.0 (Windows NT 6.2; WOW64; rv:27.0) Gecko/20100101 Firefox/27.0"
83.42.229.238 - - [01/Jul/2020:19:05:43 +0000] "GET /images/logstash_OSCON.pdf HTTP/1.1" 206 131072 "http://www.google.es/url?sa=t&rct=j&q=&esrc=s&source=web&cd=10&ved=0CHMQFjAJ&url=http%3A%2F%2Fsemicomplete.com%2Fimages%2Flogstash_OSCON.pdf&ei=JAoCU8TzBqSY0AWOn4CoAw&usg=AFQjCNF2ikX71TvpVxHLkIi36cWJowYlNA&bvm=bv.61535280,d.d2k" "Mozilla/5.0 (Windows NT 6.2; WOW64; rv:27.0) Gecko/20100101 Firefox/27.0"
83.42.229.238 - - [01/Jul/2020:19:05:02 +0000] "GET /images/logstash_OSCON.pdf HTTP/1.1" 206 131072 "http://www.google.es/url?sa=t&rct=j&q=&esrc=s&source=web&cd=10&ved=0CHMQFjAJ&url=http%3A%2F%2Fsemicomplete.com%2Fimages%2Flogstash_OSCON.pdf&ei=JAoCU8TzBqSY0AWOn4CoAw&usg=AFQjCNF2ikX71TvpVxHLkIi36cWJowYlNA&bvm=bv.61535280,d.d2k" "Mozilla/5.0 (Windows NT 6.2; WOW64; rv:27.0) Gecko/20100101 Firefox/27.0"
83.42.229.238 - - [01/Jul/2020:19:05:58 +0000] "GET /images/logstash_OSCON.pdf HTTP/1.1" 206 196608 "http://www.google.es/url?sa=t&rct=j&q=&esrc=s&source=web&cd=10&ved=0CHMQFjAJ&url=http%3A%2F%2Fsemicomplete.com%2Fimages%2Flogstash_OSCON.pdf&ei=JAoCU8TzBqSY0AWOn4CoAw&usg=AFQjCNF2ikX71TvpVxHLkIi36cWJowYlNA&bvm=bv.61535280,d.d2k" "Mozilla/5.0 (Windows NT 6.2; WOW64; rv:27.0) Gecko/20100101 Firefox/27.0"
83.42.229.238 - - [01/Jul/2020:19:05:48 +0000] "GET /images/logstash_OSCON.pdf HTTP/1.1" 206 196608 "http://www.google.es/url?sa=t&rct=j&q=&esrc=s&source=web&cd=10&ved=0CHMQFjAJ&url=http%3A%2F%2Fsemicomplete.com%2Fimages%2Flogstash_OSCON.pdf&ei=JAoCU8TzBqSY0AWOn4CoAw&usg=AFQjCNF2ikX71TvpVxHLkIi36cWJowYlNA&bvm=bv.61535280,d.d2k" "Mozilla/5.0 (Windows NT 6.2; WOW64; rv:27.0) Gecko/20100101 Firefox/27.0"
83.42.229.238 - - [01/Jul/2020:19:05:10 +0000] "GET /images/logstash_OSCON.pdf HTTP/1.1" 206 65536 "http://www.google.es/url?sa=t&rct=j&q=&esrc=s&source=web&cd=10&ved=0CHMQFjAJ&url=http%3A%2F%2Fsemicomplete.com%2Fimages%2Flogstash_OSCON.pdf&ei=JAoCU8TzBqSY0AWOn4CoAw&usg=AFQjCNF2ikX71TvpVxHLkIi36cWJowYlNA&bvm=bv.61535280,d.d2k" "Mozilla/5.0 (Windows NT 6.2; WOW64; rv:27.0) Gecko/20100101 Firefox/27.0"
83.42.229.238 - - [01/Jul/2020:19:05:36 +0000] "GET /images/logstash_OSCON.pdf HTTP/1.1" 206 65536 "http://www.google.es/url?sa=t&rct=j&q=&esrc=s&source=web&cd=10&ved=0CHMQFjAJ&url=http%3A%2F%2Fsemicomplete.com%2Fimages%2Flogstash_OSCON.pdf&ei=JAoCU8TzBqSY0AWOn4CoAw&usg=AFQjCNF2ikX71TvpVxHLkIi36cWJowYlNA&bvm=bv.61535280,d.d2k" "Mozilla/5.0 (Windows NT 6.2; WOW64; rv:27.0) Gecko/20100101 Firefox/27.0"
83.42.229.238 - - [01/Jul/2020:19:05:25 +0000] "GET /images/logstash_OSCON.pdf HTTP/1.1" 206 65536 "http://www.google.es/url?sa=t&rct=j&q=&esrc=s&source=web&cd=10&ved=0CHMQFjAJ&url=http%3A%2F%2Fsemicomplete.com%2Fimages%2Flogstash_OSCON.pdf&ei=JAoCU8TzBqSY0AWOn4CoAw&usg=AFQjCNF2ikX71TvpVxHLkIi36cWJowYlNA&bvm=bv.61535280,d.d2k" "Mozilla/5.0 (Windows NT 6.2; WOW64; rv:27.0) Gecko/20100101 Firefox/27.0"
83.42.229.238 - - [01/Jul/2020:19:05:14 +0000] "GET /images/logstash_OSCON.pdf HTTP/1.1" 206 131072 "http://www.google.es/url?sa=t&rct=j&q=&esrc=s&source=web&cd=10&ved=0CHMQFjAJ&url=http%3A%2F%2Fsemicomplete.com%2Fimages%2Flogstash_OSCON.pdf&ei=JAoCU8TzBqSY0AWOn4CoAw&usg=AFQjCNF2ikX71TvpVxHLkIi36cWJowYlNA&bvm=bv.61535280,d.d2k" "Mozilla/5.0 (Windows NT 6.2; WOW64; rv:27.0) Gecko/20100101 Firefox/27.0"
83.42.229.238 - - [01/Jul/2020:19:05:39 +0000] "GET /images/logstash_OSCON.pdf HTTP/1.1" 206 131072 "http://www.google.es/url?sa=t&rct=j&q=&esrc=s&source=web&cd=10&ved=0CHMQFjAJ&url=http%3A%2F%2Fsemicomplete.com%2Fimages%2Flogstash_OSCON.pdf&ei=JAoCU8TzBqSY0AWOn4CoAw&usg=AFQjCNF2ikX71TvpVxHLkIi36cWJowYlNA&bvm=bv.61535280,d.d2k" "Mozilla/5.0 (Windows NT 6.2; WOW64; rv:27.0) Gecko/20100101 Firefox/27.0"
83.42.229.238 - - [01/Jul/2020:19:05:24 +0000] "GET /images/logstash_OSCON.pdf HTTP/1.1" 206 65536 "http://www.google.es/url?sa=t&rct=j&q=&esrc=s&source=web&cd=10&ved=0CHMQFjAJ&url=http%3A%2F%2Fsemicomplete.com%2Fimages%2Flogstash_OSCON.pdf&ei=JAoCU8TzBqSY0AWOn4CoAw&usg=AFQjCNF2ikX71TvpVxHLkIi36cWJowYlNA&bvm=bv.61535280,d.d2k" "Mozilla/5.0 (Windows NT 6.2; WOW64; rv:27.0) Gecko/20100101 Firefox/27.0"
83.42.229.238 - - [01/Jul/2020:19:05:06 +0000] "GET /images/logstash_OSCON.pdf HTTP/1.1" 206 196608 "http://www.google.es/url?sa=t&rct=j&q=&esrc=s&source=web&cd=10&ved=0CHMQFjAJ&url=http%3A%2F%2Fsemicomplete.com%2Fimages%2Flogstash_OSCON.pdf&ei=JAoCU8TzBqSY0AWOn4CoAw&usg=AFQjCNF2ikX71TvpVxHLkIi36cWJowYlNA&bvm=bv.61535280,d.d2k" "Mozilla/5.0 (Windows NT 6.2; WOW64; rv:27.0) Gecko/20100101 Firefox/27.0"
139.184.30.132 - - [01/Jul/2020:19:05:27 +0000] "GET /projects/xdotool HTTP/1.0" 301 339 "http://tuxradar.com/content/xdotool-script-your-mouse" "Mozilla/5.0 (X11; Linux x86_64) AppleWebKit/537.36 (KHTML, like Gecko) Chrome/34.0.1833.5 Safari/537.36"
139.184.30.132 - - [01/Jul/2020:19:05:58 +0000] "GET /projects/xdotool/ HTTP/1.0" 200 12292 "http://tuxradar.com/content/xdotool-script-your-mouse" "Mozilla/5.0 (X11; Linux x86_64) AppleWebKit/537.36 (KHTML, like Gecko) Chrome/34.0.1833.5 Safari/537.36"
139.184.30.132 - - [01/Jul/2020:19:05:22 +0000] "GET /style2.css HTTP/1.0" 200 4877 "http://www.semicomplete.com/projects/xdotool/" "Mozilla/5.0 (X11; Linux x86_64) AppleWebKit/537.36 (KHTML, like Gecko) Chrome/34.0.1833.5 Safari/537.36"
139.184.30.132 - - [01/Jul/2020:19:05:34 +0000] "GET /images/jordan-80.png HTTP/1.0" 200 6146 "http://www.semicomplete.com/projects/xdotool/" "Mozilla/5.0 (X11; Linux x86_64) AppleWebKit/537.36 (KHTML, like Gecko) Chrome/34.0.1833.5 Safari/537.36"
27.159.203.227 - - [01/Jul/2020:03:05:46 +0000] "GET /blog/geekery/installing-windows-8-consumer-preview.html HTTP/1.1" 200 8948 "http://www.semicomplete.com/" "Mozilla/5.0 (Macintosh; Intel Mac OS X 10.7; rv:22.0) Gecko/20100101 Firefox/22.0"
46.105.14.53 - - [01/Jul/2020:03:05:23 +0000] "GET /blog/tags/puppet?flav=rss20 HTTP/1.1" 200 14872 "-" "UniversalFeedParser/4.2-pre-314-svn +http://feedparser.org/"
66.249.73.135 - - [01/Jul/2020:03:05:34 +0000] "GET /misc/Title.php.txt HTTP/1.1" 500 - "-" "Mozilla/5.0 (compatible; Googlebot/2.1; +http://www.google.com/bot.html)"
69.171.237.10 - - [01/Jul/2020:03:05:31 +0000] "GET /presentations/logstash-puppetconf-2012/images/office-space-printer-beat-down-gif.gif HTTP/1.1" 404 364 "-" "facebookexternalhit/1.1 (+http://www.facebook.com/externalhit_uatext.php)"
69.171.237.9 - - [01/Jul/2020:03:05:24 +0000] "GET /presentations/logstash-puppetconf-2012/images/office-space-printer-beat-down-gif.gif HTTP/1.1" 404 364 "-" "facebookexternalhit/1.0 (+http://www.facebook.com/externalhit_uatext.php)"
66.249.73.135 - - [01/Jul/2020:15:05:46 +0000] "GET /blog/tags/firefox?flav=rss20 HTTP/1.1" 200 16021 "-" "Mozilla/5.0 (compatible; Googlebot/2.1; +http://www.google.com/bot.html)"
66.249.73.135 - - [01/Jul/2020:15:05:42 +0000] "GET /misc/Title.php.txt HTTP/1.1" 500 - "-" "Mozilla/5.0 (compatible; Googlebot/2.1; +http://www.google.com/bot.html)"
208.93.0.48 - - [01/Jul/2020:15:05:46 +0000] "GET /?flav=rss20 HTTP/1.1" 200 29941 "-" "LiveJournal.com (webmaster@livejournal.com; for http://www.livejournal.com/users/cshpsionic/; 8 readers)"
5.10.83.105 - - [01/Jul/2020:14:05:06 +0000] "GET /files/blogposts/20070620/?C=N;O=A HTTP/1.1" 200 998 "-" "Mozilla/5.0 (compatible; AhrefsBot/5.0; +http://ahrefs.com/robot/)"
82.233.80.245 - - [01/Jul/2020:14:05:18 +0000] "GET /images/web/2009/banner.png HTTP/1.1" 200 52315 "http://www.semicomplete.com/style2.css" "Mozilla/5.0 (X11; Ubuntu; Linux i686; rv:20.0) Gecko/20100101 Firefox/20.0"
64.131.102.243 - - [01/Jul/2020:14:05:16 +0000] "OPTIONS /projects/xdotool/ HTTP/1.1" 500 626 "-" "Microsoft Office Protocol Discovery"
64.131.102.243 - - [01/Jul/2020:14:05:39 +0000] "GET /projects/xdotool/ HTTP/1.1" 200 12292 "-" "Mozilla/4.0 (compatible; MSIE 7.0; Windows NT 6.1; WOW64; Trident/7.0; SLCC2; .NET CLR 2.0.50727; .NET CLR 3.5.30729; .NET CLR 3.0.30729; Media Center PC 6.0; HPNTDF; .NET4.0C; .NET4.0E; InfoPath.3; ms-office)"
50.16.19.13 - - [01/Jul/2020:06:05:31 +0000] "GET /blog/tags/puppet?flav=rss20 HTTP/1.1" 200 14872 "http://www.semicomplete.com/blog/tags/puppet?flav=rss20" "Tiny Tiny RSS/1.11 (http://tt-rss.org/)"
204.244.74.22 - - [01/Jul/2020:06:05:17 +0000] "GET /files/xdotool/xdotool-2.20101014.3063.tar.gz HTTP/1.1" 416 400 "-" "Wget/1.14 (linux-gnu)"
66.249.73.135 - - [01/Jul/2020:06:05:31 +0000] "GET /blog/tags/logger HTTP/1.1" 200 11024 "-" "Mozilla/5.0 (compatible; Googlebot/2.1; +http://www.google.com/bot.html)"
204.244.74.22 - - [01/Jul/2020:06:05:11 +0000] "GET /files/xdotool/xdotool-2.20101014.3063.tar.gz HTTP/1.1" 416 400 "-" "Wget/1.14 (linux-gnu)"
91.217.86.20 - - [01/Jul/2020:06:05:20 +0000] "GET /presentations/logstash-scale11x/images/logstash.png HTTP/1.1" 200 47731 "http://kufli.blogspot.de/2013/07/log-analysis-using-logstash.html" "Mozilla/5.0 (Macintosh; Intel Mac OS X 10_9_1) AppleWebKit/537.36 (KHTML, like Gecko) Chrome/32.0.1700.107 Safari/537.36"
46.105.14.53 - - [01/Jul/2020:11:05:11 +0000] "GET /blog/tags/puppet?flav=rss20 HTTP/1.1" 200 14872 "-" "UniversalFeedParser/4.2-pre-314-svn +http://feedparser.org/"
94.153.9.168 - - [01/Jul/2020:11:05:47 +0000] "GET /presentations/vim/+++++++++++++++++++++++++++++++++++Result:+%E8%F1%EF%EE%EB%FC%E7%EE%E2%E0%ED+%ED%E8%EA%ED%E5%E9%EC+%22newkoversjup%22;+ReCaptcha+%E4%E5%F8%E8%F4%F0%EE%E2%E0%ED%E0;+%28JS%29;+%E7%E0%F0%E5%E3%E8%F1%F2%F0%E8%F0%EE%E2%E0%EB%E8%F1%FC;+%ED%E5+%ED%E0%F8%EB%EE%F1%FC+%F4%EE%F0%EC%FB+%E4%EB%FF+%EE%F2%EF%F0%E0%E2%EA%E8;+Result:+%EE%F8%E8%E1%EA%E0:+%22i+never+really+liked+c%27s+assert%28%29+feature.+if+an+assertion+is+violated,+it%27lltell+you+what+assertion+failed+but+completely+lacks+any+context:%22;+%ED%E5+%ED%E0%F8%EB%EE%F1%FC+%F4%EE%F0%EC%FB+%E4%EB%FF+%EE%F2%EF%F0%E0%E2%EA%E8; HTTP/1.0" 403 676 "http://www.semicomplete.com/presentations/vim/+++++++++++++++++++++++++++++++++++Result:+%E8%F1%EF%EE%EB%FC%E7%EE%E2%E0%ED+%ED%E8%EA%ED%E5%E9%EC+%22newkoversjup%22;+ReCaptcha+%E4%E5%F8%E8%F4%F0%EE%E2%E0%ED%E0;+%28JS%29;+%E7%E0%F0%E5%E3%E8%F1%F2%F0%E8%F0%EE%E2%E0%EB%E8%F1%FC;+%ED%E5+%ED%E0%F8%EB%EE%F1%FC+%F4%EE%F0%EC%FB+%E4%EB%FF+%EE%F2%EF%F0%E0%E2%EA%E8;+Result:+%EE%F8%E8%E1%EA%E0:+%22i+never+really+liked+c%27s+assert%28%29+feature.+if+an+assertion+is+violated,+it%27lltell+you+what+assertion+failed+but+completely+lacks+any+context:%22;+%ED%E5+%ED%E0%F8%EB%EE%F1%FC+%F4%EE%F0%EC%FB+%E4%EB%FF+%EE%F2%EF%F0%E0%E2%EA%E8;" "Opera/9.80 (Windows NT 6.1; WOW64; U; ru) Presto/2.10.289 Version/12.01"
94.153.9.168 - - [01/Jul/2020:11:05:07 +0000] "GET / HTTP/1.0" 200 37932 "http://www.semicomplete.com/presentations/vim/+++++++++++++++++++++++++++++++++++Result:+%E8%F1%EF%EE%EB%FC%E7%EE%E2%E0%ED+%ED%E8%EA%ED%E5%E9%EC+%22newkoversjup%22;+ReCaptcha+%E4%E5%F8%E8%F4%F0%EE%E2%E0%ED%E0;+%28JS%29;+%E7%E0%F0%E5%E3%E8%F1%F2%F0%E8%F0%EE%E2%E0%EB%E8%F1%FC;+%ED%E5+%ED%E0%F8%EB%EE%F1%FC+%F4%EE%F0%EC%FB+%E4%EB%FF+%EE%F2%EF%F0%E0%E2%EA%E8;+Result:+%EE%F8%E8%E1%EA%E0:+%22i+never+really+liked+c%27s+assert%28%29+feature.+if+an+assertion+is+violated,+it%27lltell+you+what+assertion+failed+but+completely+lacks+any+context:%22;+%ED%E5+%ED%E0%F8%EB%EE%F1%FC+%F4%EE%F0%EC%FB+%E4%EB%FF+%EE%F2%EF%F0%E0%E2%EA%E8;" "Opera/9.80 (Windows NT 6.1; WOW64; U; ru) Presto/2.10.289 Version/12.01"
24.210.169.33 - - [01/Jul/2020:11:05:44 +0000] "GET /presentations/logstash-scale11x/images/ahhh___rage_face_by_samusmmx-d5g5zap.png HTTP/1.1" 200 175208 "https://www.google.com/" "Mozilla/5.0 (iPad; CPU OS 6_1_3 like Mac OS X) AppleWebKit/536.26 (KHTML, like 
208.115.113.88 - - [01/Jul/2020:10:05:33 +0000] "GET /files/keynav/?C=D;O=D HTTP/1.1" 200 3694 "-" "Mozilla/5.0 (compatible; Ezooms/1.0; help@moz.com)"
208.115.113.88 - - [01/Jul/2020:10:05:23 +0000] "GET /files/newpsm/?C=D;O=D HTTP/1.1" 200 1633 "-" "Mozilla/5.0 (compatible; Ezooms/1.0; help@moz.com)"
208.115.113.88 - - [01/Jul/2020:10:05:20 +0000] "GET /files/newpsm/?C=N;O=A HTTP/1.1" 200 1633 "-" "Mozilla/5.0 (compatible; Ezooms/1.0; help@moz.com)"
208.115.113.88 - - [01/Jul/2020:10:05:01 +0000] "GET /svnweb/xpathtool/ HTTP/1.1" 403 305 "-" "Mozilla/5.0 (compatible; Ezooms/1.0; help@moz.com)"
66.249.73.135 - - [01/Jul/2020:10:05:49 +0000] "GET /blog/tags/firefox?flav=rss20 HTTP/1.1" 200 16021 "-" "Mozilla/5.0 (compatible; Googlebot/2.1; +http://www.google.com/bot.html)"
208.115.113.88 - - [01/Jul/2020:10:05:26 +0000] "GET /blog/2006/May/04 HTTP/1.1" 200 14841 "-" "Mozilla/5.0 (compatible; Ezooms/1.0; help@moz.com)"
89.107.177.18 - - [01/Jul/2020:10:05:42 +0000] "GET /presentations/logstash-puppetconf-2012/images/office-space-printer-beat-down-gif.gif HTTP/1.1" 404 364 "http://semicomplete.com/presentations/logstash-puppetconf-2012/" "Mozilla/5.0 (Windows NT 6.1; WOW64) AppleWebKit/537.36 (KHTML, like Gecko) Chrome/32.0.1700.107 Safari/537.36"
89.107.180.34 - - [01/Jul/2020:10:05:19 +0000] "GET /presentations/logstash-puppetconf-2012/images/office-space-printer-beat-down-gif.gif HTTP/1.1" 404 364 "http://semicomplete.com/presentations/logstash-puppetconf-2012/" "Mozilla/5.0 (Windows NT 6.1; WOW64) AppleWebKit/537.36 (KHTML, like Gecko) Chrome/32.0.1700.107 Safari/537.36"
208.115.113.88 - - [01/Jul/2020:10:05:30 +0000] "GET /blog/tags/changes HTTP/1.1" 200 15431 "-" "Mozilla/5.0 (compatible; Ezooms/1.0; help@moz.com)"
208.115.113.88 - - [01/Jul/2020:10:05:17 +0000] "GET /blog/articles/?page=2 HTTP/1.1" 200 77634 "-" "Mozilla/5.0 (compatible; Ezooms/1.0; help@moz.com)"
208.115.113.88 - - [01/Jul/2020:10:05:50 +0000] "GET /blog/tags/hope%20is%20not%20a%20strategy HTTP/1.1" 200 8877 "-" "Mozilla/5.0 (compatible; Ezooms/1.0; help@moz.com)"
208.115.113.88 - - [01/Jul/2020:10:05:39 +0000] "GET /files/blogposts/20071009/?C=D;O=D HTTP/1.1" 200 966 "-" "Mozilla/5.0 (compatible; Ezooms/1.0; help@moz.com)"
79.148.255.215 - - [01/Jul/2020:10:05:11 +0000] "HEAD /files/logstash/ HTTP/1.1" 200 - "-" "Xenu Link Sleuth/1.3.8"
83.221.67.237 - - [01/Jul/2020:10:05:03 +0000] "GET /blog/geekery/bypassing-captive-portals.html HTTP/1.0" 200 10613 "http://www.google.de/url?sa=t&rct=j&q=&esrc=s&source=web&cd=6&cad=rja&ved=0CF8QFjAF&url=http%3A%2F%2Fwww.semicomplete.com%2Fblog%2Fgeekery%2Fbypassing-captive-portals.html&ei=nT8CU7z_MYOStAalm4DADw&usg=AFQjCNHqab9HLDpOWYMooTqHEFhOjiV0jg&sig2=Iq211FZDxA1fayXwQCQrvw&bvm=bv.61535280,d.Yms" "Mozilla/5.0 (Macintosh; Intel Mac OS X 10.6; rv:27.0) Gecko/20100101 Firefox/27.0"
83.221.67.237 - - [01/Jul/2020:10:05:40 +0000] "GET /style2.css HTTP/1.0" 200 4877 "http://www.semicomplete.com/blog/geekery/bypassing-captive-portals.html" "Mozilla/5.0 (Macintosh; Intel Mac OS X 10.6; rv:27.0) Gecko/20100101 Firefox/27.0"
83.221.67.237 - - [01/Jul/2020:10:05:31 +0000] "GET /reset.css HTTP/1.0" 200 1015 "http://www.semicomplete.com/blog/geekery/bypassing-captive-portals.html" "Mozilla/5.0 (Macintosh; Intel Mac OS X 10.6; rv:27.0) Gecko/20100101 Firefox/27.0"
75.97.9.59 - - [01/Jul/2020:08:05:36 +0000] "GET /presentations/logstash-scale11x/images/tiered-redis-input.jpg HTTP/1.1" 200 1046727 "http://semicomplete.com/presentations/logstash-scale11x/" "Mozilla/5.0 (Windows NT 6.1; WOW64) AppleWebKit/537.36 (KHTML, like Gecko) Chrome/32.0.1700.107 Safari/537.36"
75.97.9.59 - - [01/Jul/2020:08:05:28 +0000] "GET /presentations/logstash-scale11x/images/tiered-redis-input-complete.jpg HTTP/1.1" 200 1103268 "http://semicomplete.com/presentations/logstash-scale11x/" "Mozilla/5.0 (Windows NT 6.1; WOW64) AppleWebKit/537.36 (KHTML, like Gecko) Chrome/32.0.1700.107 Safari/537.36"
75.97.9.59 - - [01/Jul/2020:08:05:05 +0000] "GET /presentations/logstash-scale11x/ HTTP/1.1" 304 - "https://www.google.com/" "Mozilla/5.0 (Windows NT 6.1; WOW64) AppleWebKit/537.36 (KHTML, like Gecko) Chrome/32.0.1700.107 Safari/537.36"
75.97.9.59 - - [01/Jul/2020:08:05:38 +0000] "GET /presentations/logstash-scale11x/css/reveal.min.css HTTP/1.1" 304 - "http://semicomplete.com/presentations/logstash-scale11x/" "Mozilla/5.0 (Windows NT 6.1; WOW64) AppleWebKit/537.36 (KHTML, like Gecko) Chrome/32.0.1700.107 Safari/537.36"
75.97.9.59 - - [01/Jul/2020:08:05:28 +0000] "GET /presentations/logstash-scale11x/css/theme/night-jls.css HTTP/1.1" 304 - "http://semicomplete.com/presentations/logstash-scale11x/" "Mozilla/5.0 (Windows NT 6.1; WOW64) AppleWebKit/537.36 (KHTML, like Gecko) Chrome/32.0.1700.107 Safari/537.36"
75.97.9.59 - - [01/Jul/2020:08:05:48 +0000] "GET /presentations/logstash-scale11x/lib/css/zenburn.css HTTP/1.1" 304 - "http://semicomplete.com/presentations/logstash-scale11x/" "Mozilla/5.0 (Windows NT 6.1; WOW64) AppleWebKit/537.36 (KHTML, like Gecko) Chrome/32.0.1700.107 Safari/537.36"
75.97.9.59 - - [01/Jul/2020:08:05:49 +0000] "GET /presentations/logstash-scale11x/css/extra.css HTTP/1.1" 304 - "http://semicomplete.com/presentations/logstash-scale11x/" "Mozilla/5.0 (Windows NT 6.1; WOW64) AppleWebKit/537.36 (KHTML, like Gecko) Chrome/32.0.1700.107 Safari/537.36"
75.97.9.59 - - [01/Jul/2020:08:05:34 +0000] "GET /presentations/logstash-scale11x/images/logstash.png HTTP/1.1" 304 - "http://semicomplete.com/presentations/logstash-scale11x/" "Mozilla/5.0 (Windows NT 6.1; WOW64) AppleWebKit/537.36 (KHTML, like Gecko) Chrome/32.0.1700.107 Safari/537.36"
75.97.9.59 - - [01/Jul/2020:08:05:40 +0000] "GET /presentations/logstash-scale11x/lib/js/head.min.js HTTP/1.1" 304 - "http://semicomplete.com/presentations/logstash-scale11x/" "Mozilla/5.0 (Windows NT 6.1; WOW64) AppleWebKit/537.36 (KHTML, like Gecko) Chrome/32.0.1700.107 Safari/537.36"
75.97.9.59 - - [01/Jul/2020:08:05:58 +0000] "GET /presentations/logstash-scale11x/css/fonts/OpenSans.css HTTP/1.1" 304 - "http://semicomplete.com/presentations/logstash-scale11x/" "Mozilla/5.0 (Windows NT 6.1; WOW64) AppleWebKit/537.36 (KHTML, like Gecko) Chrome/32.0.1700.107 Safari/537.36"
75.97.9.59 - - [01/Jul/2020:08:05:50 +0000] "GET /presentations/logstash-scale11x/css/fonts/Roboto.css HTTP/1.1" 304 - "http://semicomplete.com/presentations/logstash-scale11x/" "Mozilla/5.0 (Windows NT 6.1; WOW64) AppleWebKit/537.36 (KHTML, like Gecko) Chrome/32.0.1700.107 Safari/537.36"
75.97.9.59 - - [01/Jul/2020:08:05:39 +0000] "GET /presentations/logstash-scale11x/js/reveal.min.js HTTP/1.1" 304 - "http://semicomplete.com/presentations/logstash-scale11x/" "Mozilla/5.0 (Windows NT 6.1; WOW64) AppleWebKit/537.36 (KHTML, like Gecko) Chrome/32.0.1700.107 Safari/537.36"
75.97.9.59 - - [01/Jul/2020:08:05:25 +0000] "GET /presentations/logstash-scale11x/images/jordan.jpg HTTP/1.1" 304 - "http://semicomplete.com/presentations/logstash-scale11x/" "Mozilla/5.0 (Windows NT 6.1; WOW64) AppleWebKit/537.36 (KHTML, like Gecko) Chrome/32.0.1700.107 Safari/537.36"
75.97.9.59 - - [01/Jul/2020:08:05:29 +0000] "GET /presentations/logstash-scale11x/css/fonts/xjAJXh38I15wypJXxuGMBp0EAVxt0G0biEntp43Qt6E.ttf HTTP/1.1" 304 - "http://semicomplete.com/presentations/logstash-scale11x/" "Mozilla/5.0 (Windows NT 6.1; WOW64) AppleWebKit/537.36 (KHTML, like Gecko) Chrome/32.0.1700.107 Safari/537.36"
75.97.9.59 - - [01/Jul/2020:08:05:10 +0000] "GET /presentations/logstash-scale11x/css/fonts/cJZKeOuBrn4kERxqtaUH3aCWcynf_cDxXwCLxiixG1c.ttf HTTP/1.1" 304 - "http://semicomplete.com/presentations/logstash-scale11x/" "Mozilla/5.0 (Windows NT 6.1; WOW64) AppleWebKit/537.36 (KHTML, like Gecko) Chrome/32.0.1700.107 Safari/537.36"
75.97.9.59 - - [01/Jul/2020:08:05:20 +0000] "GET /presentations/logstash-scale11x/plugin/markdown/showdown.js HTTP/1.1" 304 - "http://semicomplete.com/presentations/logstash-scale11x/" "Mozilla/5.0 (Windows NT 6.1; WOW64) AppleWebKit/537.36 (KHTML, like Gecko) Chrome/32.0.1700.107 Safari/537.36"
75.97.9.59 - - [01/Jul/2020:08:05:08 +0000] "GET /presentations/logstash-scale11x/plugin/markdown/markdown.js HTTP/1.1" 304 - "http://semicomplete.com/presentations/logstash-scale11x/" "Mozilla/5.0 (Windows NT 6.1; WOW64) AppleWebKit/537.36 (KHTML, like Gecko) Chrome/32.0.1700.107 Safari/537.36"
75.97.9.59 - - [01/Jul/2020:08:05:09 +0000] "GET /presentations/logstash-scale11x/images/alarm-clock.jpg HTTP/1.1" 304 - "http://semicomplete.com/presentations/logstash-scale11x/" "Mozilla/5.0 (Windows NT 6.1; WOW64) AppleWebKit/537.36 (KHTML, like Gecko) Chrome/32.0.1700.107 Safari/537.36"
75.97.9.59 - - [01/Jul/2020:08:05:25 +0000] "GET /presentations/logstash-scale11x/images/nagios-sms1.png HTTP/1.1" 304 - "http://semicomplete.com/presentations/logstash-scale11x/" "Mozilla/5.0 (Windows NT 6.1; WOW64) AppleWebKit/537.36 (KHTML, like Gecko) Chrome/32.0.1700.107 Safari/537.36"
75.97.9.59 - - [01/Jul/2020:08:05:14 +0000] "GET /presentations/logstash-scale11x/plugin/highlight/highlight.js HTTP/1.1" 304 - "http://semicomplete.com/presentations/logstash-scale11x/" "Mozilla/5.0 (Windows NT 6.1; WOW64) AppleWebKit/537.36 (KHTML, like Gecko) Chrome/32.0.1700.107 Safari/537.36"
75.97.9.59 - - [01/Jul/2020:08:05:11 +0000] "GET /presentations/logstash-scale11x/plugin/zoom-js/zoom.js HTTP/1.1" 304 - "http://semicomplete.com/presentations/logstash-scale11x/" "Mozilla/5.0 (Windows NT 6.1; WOW64) AppleWebKit/537.36 (KHTML, like Gecko) Chrome/32.0.1700.107 Safari/537.36"
75.97.9.59 - - [01/Jul/2020:08:05:00 +0000] "GET /presentations/logstash-scale11x/plugin/notes/notes.js HTTP/1.1" 304 - "http://semicomplete.com/presentations/logstash-scale11x/" "Mozilla/5.0 (Windows NT 6.1; WOW64) AppleWebKit/537.36 (KHTML, like Gecko) Chrome/32.0.1700.107 Safari/537.36"
75.97.9.59 - - [01/Jul/2020:08:05:44 +0000] "GET /presentations/logstash-scale11x/images/sad-medic.png HTTP/1.1" 304 - "http://semicomplete.com/presentations/logstash-scale11x/" "Mozilla/5.0 (Windows NT 6.1; WOW64) AppleWebKit/537.36 (KHTML, like Gecko) Chrome/32.0.1700.107 Safari/537.36"
75.97.9.59 - - [01/Jul/2020:08:05:42 +0000] "GET /presentations/logstash-scale11x/images/xkcd-perlswing-many.png HTTP/1.1" 304 - "http://semicomplete.com/presentations/logstash-scale11x/" "Mozilla/5.0 (Windows NT 6.1; WOW64) AppleWebKit/537.36 (KHTML, like Gecko) Chrome/32.0.1700.107 Safari/537.36"
75.97.9.59 - - [01/Jul/2020:08:05:10 +0000] "GET /presentations/logstash-scale11x/images/nagios-sms2.png HTTP/1.1" 304 - "http://semicomplete.com/presentations/logstash-scale11x/" "Mozilla/5.0 (Windows NT 6.1; WOW64) AppleWebKit/537.36 (KHTML, like Gecko) Chrome/32.0.1700.107 Safari/537.36"
75.97.9.59 - - [01/Jul/2020:08:05:40 +0000] "GET /presentations/logstash-scale11x/css/fonts/Roboto-Bold.ttf HTTP/1.1" 304 - "http://semicomplete.com/presentations/logstash-scale11x/" "Mozilla/5.0 (Windows NT 6.1; WOW64) AppleWebKit/537.36 (KHTML, like Gecko) Chrome/32.0.1700.107 Safari/537.36"
75.97.9.59 - - [01/Jul/2020:08:05:54 +0000] "GET /presentations/logstash-scale11x/css/fonts/Roboto-Regular.ttf HTTP/1.1" 304 - "http://semicomplete.com/presentations/logstash-scale11x/" "Mozilla/5.0 (Windows NT 6.1; WOW64) AppleWebKit/537.36 (KHTML, like Gecko) Chrome/32.0.1700.107 Safari/537.36"
75.97.9.59 - - [01/Jul/2020:08:05:17 +0000] "GET /presentations/logstash-scale11x/images/computer-keyboard-jacket.jpg HTTP/1.1" 304 - "http://semicomplete.com/presentations/logstash-scale11x/" "Mozilla/5.0 (Windows NT 6.1; WOW64) AppleWebKit/537.36 (KHTML, like Gecko) Chrome/32.0.1700.107 Safari/537.36"
75.97.9.59 - - [01/Jul/2020:08:05:41 +0000] "GET /presentations/logstash-scale11x/images/Dreamhost_logo.svg HTTP/1.1" 304 - "http://semicomplete.com/presentations/logstash-scale11x/" "Mozilla/5.0 (Windows NT 6.1; WOW64) AppleWebKit/537.36 (KHTML, like Gecko) Chrome/32.0.1700.107 Safari/537.36"
75.97.9.59 - - [01/Jul/2020:08:05:23 +0000] "GET /presentations/logstash-scale11x/images/logstash-dreamhost-day.png HTTP/1.1" 304 - "http://semicomplete.com/presentations/logstash-scale11x/" "Mozilla/5.0 (Windows NT 6.1; WOW64) AppleWebKit/537.36 (KHTML, like Gecko) Chrome/32.0.1700.107 Safari/537.36"
75.97.9.59 - - [01/Jul/2020:08:05:51 +0000] "GET /presentations/logstash-scale11x/images/nagios-sms3.png HTTP/1.1" 304 - "http://semicomplete.com/presentations/logstash-scale11x/" "Mozilla/5.0 (Windows NT 6.1; WOW64) AppleWebKit/537.36 (KHTML, like Gecko) Chrome/32.0.1700.107 Safari/537.36"
75.97.9.59 - - [01/Jul/2020:08:05:35 +0000] "GET /presentations/logstash-scale11x/images/simple-inputs.jpg HTTP/1.1" 304 - "http://semicomplete.com/presentations/logstash-scale11x/" "Mozilla/5.0 (Windows NT 6.1; WOW64) AppleWebKit/537.36 (KHTML, like Gecko) Chrome/32.0.1700.107 Safari/537.36"
75.97.9.59 - - [01/Jul/2020:08:05:02 +0000] "GET /presentations/logstash-scale11x/images/simple-inputs-filters.jpg HTTP/1.1" 304 - "http://semicomplete.com/presentations/logstash-scale11x/" "Mozilla/5.0 (Windows NT 6.1; WOW64) AppleWebKit/537.36 (KHTML, like Gecko) Chrome/32.0.1700.107 Safari/537.36"
75.97.9.59 - - [01/Jul/2020:08:05:41 +0000] "GET /presentations/logstash-scale11x/images/kibana-search.png HTTP/1.1" 304 - "http://semicomplete.com/presentations/logstash-scale11x/" "Mozilla/5.0 (Windows NT 6.1; WOW64) AppleWebKit/537.36 (KHTML, like Gecko) Chrome/32.0.1700.107 Safari/537.36"
75.97.9.59 - - [01/Jul/2020:08:05:22 +0000] "GET /presentations/logstash-scale11x/images/kibana-dashboard3.png HTTP/1.1" 304 - "http://semicomplete.com/presentations/logstash-scale11x/" "Mozilla/5.0 (Windows NT 6.1; WOW64) AppleWebKit/537.36 (KHTML, like Gecko) Chrome/32.0.1700.107 Safari/537.36"
75.97.9.59 - - [01/Jul/2020:08:05:59 +0000] "GET /presentations/logstash-scale11x/images/nagios-sms4.png HTTP/1.1" 304 - "http://semicomplete.com/presentations/logstash-scale11x/" "Mozilla/5.0 (Windows NT 6.1; WOW64) AppleWebKit/537.36 (KHTML, like Gecko) Chrome/32.0.1700.107 Safari/537.36"
75.97.9.59 - - [01/Jul/2020:08:05:10 +0000] "GET /presentations/logstash-scale11x/images/nagios-sms5.png HTTP/1.1" 304 - "http://semicomplete.com/presentations/logstash-scale11x/" "Mozilla/5.0 (Windows NT 6.1; WOW64) AppleWebKit/537.36 (KHTML, like Gecko) Chrome/32.0.1700.107 Safari/537.36"
75.97.9.59 - - [01/Jul/2020:08:05:42 +0000] "GET /presentations/logstash-scale11x/images/kibana-dashboard2.png HTTP/1.1" 304 - "http://semicomplete.com/presentations/logstash-scale11x/" "Mozilla/5.0 (Windows NT 6.1; WOW64) AppleWebKit/537.36 (KHTML, like Gecko) Chrome/32.0.1700.107 Safari/537.36"
75.97.9.59 - - [01/Jul/2020:08:05:09 +0000] "GET /presentations/logstash-scale11x/images/kibana-dashboard.png HTTP/1.1" 304 - "http://semicomplete.com/presentations/logstash-scale11x/" "Mozilla/5.0 (Windows NT 6.1; WOW64) AppleWebKit/537.36 (KHTML, like Gecko) Chrome/32.0.1700.107 Safari/537.36"
75.97.9.59 - - [01/Jul/2020:08:05:16 +0000] "GET /presentations/logstash-scale11x/images/simple-inputs-filters-outputs.jpg HTTP/1.1" 304 - "http://semicomplete.com/presentations/logstash-scale11x/" "Mozilla/5.0 (Windows NT 6.1; WOW64) AppleWebKit/537.36 (KHTML, like Gecko) Chrome/32.0.1700.107 Safari/537.36"
75.97.9.59 - - [01/Jul/2020:08:05:29 +0000] "GET /presentations/logstash-scale11x/images/tiered-outputs-to-inputs.jpg HTTP/1.1" 304 - "http://semicomplete.com/presentations/logstash-scale11x/" "Mozilla/5.0 (Windows NT 6.1; WOW64) AppleWebKit/537.36 (KHTML, like Gecko) Chrome/32.0.1700.107 Safari/537.36"
75.97.9.59 - - [01/Jul/2020:08:05:40 +0000] "GET /presentations/logstash-scale11x/images/tiered-outputs-to-inputs-redis.jpg HTTP/1.1" 304 - "http://semicomplete.com/presentations/logstash-scale11x/" "Mozilla/5.0 (Windows NT 6.1; WOW64) AppleWebKit/537.36 (KHTML, like Gecko) Chrome/32.0.1700.107 Safari/537.36"
75.97.9.59 - - [01/Jul/2020:08:05:22 +0000] "GET /presentations/logstash-scale11x/images/tiered-redis-output.jpg HTTP/1.1" 304 - "http://semicomplete.com/presentations/logstash-scale11x/" "Mozilla/5.0 (Windows NT 6.1; WOW64) AppleWebKit/537.36 (KHTML, like Gecko) Chrome/32.0.1700.107 Safari/537.36"
75.97.9.59 - - [01/Jul/2020:08:05:08 +0000] "GET /presentations/logstash-scale11x/images/tiered-redis-input.jpg HTTP/1.1" 304 - "http://semicomplete.com/presentations/logstash-scale11x/" "Mozilla/5.0 (Windows NT 6.1; WOW64) AppleWebKit/537.36 (KHTML, like Gecko) Chrome/32.0.1700.107 Safari/537.36"
75.97.9.59 - - [01/Jul/2020:08:05:10 +0000] "GET /presentations/logstash-scale11x/images/tiered-redis-input-complete.jpg HTTP/1.1" 304 - "http://semicomplete.com/presentations/logstash-scale11x/" "Mozilla/5.0 (Windows NT 6.1; WOW64) AppleWebKit/537.36 (KHTML, like Gecko) Chrome/32.0.1700.107 Safari/537.36"
75.97.9.59 - - [01/Jul/2020:08:05:21 +0000] "GET /presentations/logstash-scale11x/images/logstashbook.png HTTP/1.1" 304 - "http://semicomplete.com/presentations/logstash-scale11x/" "Mozilla/5.0 (Windows NT 6.1; WOW64) AppleWebKit/537.36 (KHTML, like Gecko) Chrome/32.0.1700.107 Safari/537.36"
